00:45:56 **** Incremental Build of configuration Debug for project F405_Main ****
make -j4 all 
arm-none-eabi-g++ "../Application/StateMachine/FxEnabledState.cpp" -mcpu=cortex-m4 -std=gnu++14 -g3 -DSTM32F405xx -DUSE_HAL_DRIVER -DDEBUG -c -I"/home/chris/DSPGuitarPedalF405/F405_Main/Application" -I"/home/chris/DSPGuitarPedalF405/F405_Main/Application/Debounce" -I"/home/chris/DSPGuitarPedalF405/F405_Main/Application/StateMachine" -I"/home/chris/DSPGuitarPedalF405/F405_Main/Application/FreeRTOS" -I"/home/chris/DSPGuitarPedalF405/F405_Main/Application/ResourceManager" -I"/home/chris/DSPGuitarPedalF405/F405_Main/Application/TaskManager" -I"/home/chris/DSPGuitarPedalF405/F405_Main/Application/DSP" -I"/home/chris/DSPGuitarPedalF405/F405_Main/Application/Interrupts" -I"/opt/FreeRTOSv202012.00/FreeRTOS/Source/include" -I"/opt/FreeRTOSv202012.00/FreeRTOS/Source/portable/GCC/ARM_CM4F" -I"/home/chris/DSPGuitarPedalF405/F405_RTT/RTT" -I/home/chris/CMSIS_5.7.0_Build/CMSIS/DSP/Include -I../Core/Inc -I../Drivers/CMSIS/Include -I../Drivers/CMSIS/Device/ST/STM32F4xx/Include -I../Drivers/STM32F4xx_HAL_Driver/Inc -I../Drivers/STM32F4xx_HAL_Driver/Inc/Legacy -I"/home/chris/DSPGuitarPedalF405/F405_Main/Application/DSP/Filters" -I"/home/chris/DSPGuitarPedalF405/F405_Main/Application/DSP/Reverb" -O0 -ffunction-sections -fdata-sections -fno-exceptions -fno-use-cxa-atexit -Wall -fno-common -Wundef -Wformat-truncation -Wformat=2 -Wdouble-promotion -Wshadow -Wstack-usage=48 -fstack-protector-strong -ffreestanding -fstack-usage -MMD -MP -MF"Application/StateMachine/FxEnabledState.d" -MT"Application/StateMachine/FxEnabledState.o" --specs=nano.specs -mfpu=fpv4-sp-d16 -mfloat-abi=hard -mthumb -o "Application/StateMachine/FxEnabledState.o"
arm-none-eabi-g++ -o "F405_Main.elf" @"objects.list"  -lF405_RTT -larm_cortexM4lf_math -mcpu=cortex-m4 -T"/home/chris/DSPGuitarPedalF405/F405_Main/STM32F405RGTX_FLASH.ld" --specs=nosys.specs -Wl,-Map="F405_Main.map" -Wl,--gc-sections -static -L"/home/chris/DSPGuitarPedalF405/F405_RTT/Release" -L/home/chris/CMSIS_5.7.0_Build/CMSIS/DSP/Lib/GCC -Wl,--print-memory-usage -u _printf_float -Wl,--gc-sections --specs=nano.specs -mfpu=fpv4-sp-d16 -mfloat-abi=hard -mthumb -Wl,--start-group -lc -lm -lstdc++ -lsupc++ -Wl,--end-group
Memory region         Used Size  Region Size  %age Used
          CCMRAM:          0 GB        64 KB      0.00%
             RAM:        9968 B       128 KB      7.60%
           FLASH:      190952 B         1 MB     18.21%
Finished building target: F405_Main.elf
 
arm-none-eabi-objdump -h -S  F405_Main.elf  > "F405_Main.list"
arm-none-eabi-objcopy  -O binary  F405_Main.elf  "F405_Main.bin"
arm-none-eabi-size   F405_Main.elf 
   text	   data	    bss	    dec	    hex	filename
 190068	    872	   9248	 200188	  30dfc	F405_Main.elf
Finished building: default.size.stdout
 
Finished building: F405_Main.bin
 
Finished building: F405_Main.list
 

00:45:59 Build Finished. 0 errors, 0 warnings. (took 2s.632ms)

