17:53:12 **** Incremental Build of configuration Debug for project F405_Main ****
make -j4 all 
arm-none-eabi-gcc "../Drivers/STM32F4xx_HAL_Driver/Src/stm32f4xx_hal.c" -mcpu=cortex-m4 -std=gnu11 -g3 -DSTM32F405xx -DUSE_HAL_DRIVER -DDEBUG -c -I"/home/chris/DSPGuitarPedalF405/F405_Main/Application" -I"/home/chris/DSPGuitarPedalF405/F405_Main/Application/Debounce" -I"/home/chris/DSPGuitarPedalF405/F405_Main/Application/FreeRTOS" -I"/home/chris/DSPGuitarPedalF405/F405_Main/Application/FSM" -I"/home/chris/DSPGuitarPedalF405/F405_Main/Application/DSP" -I"/opt/FreeRTOSv202012.00/FreeRTOS/Source/include" -I"/opt/FreeRTOSv202012.00/FreeRTOS/Source/portable/GCC/ARM_CM4F" -I"/home/chris/DSPGuitarPedalF405/F405_RTT/RTT" -I/home/chris/CMSIS_5.7.0_Build/CMSIS/DSP/Include -I../Core/Inc -I../Drivers/CMSIS/Include -I../Drivers/CMSIS/Device/ST/STM32F4xx/Include -I../Drivers/STM32F4xx_HAL_Driver/Inc -I../Drivers/STM32F4xx_HAL_Driver/Inc/Legacy -O0 -ffunction-sections -fdata-sections -Wall -fstack-usage -MMD -MP -MF"Drivers/STM32F4xx_HAL_Driver/Src/stm32f4xx_hal.d" -MT"Drivers/STM32F4xx_HAL_Driver/Src/stm32f4xx_hal.o" --specs=nano.specs -mfpu=fpv4-sp-d16 -mfloat-abi=hard -mthumb -o "Drivers/STM32F4xx_HAL_Driver/Src/stm32f4xx_hal.o"
arm-none-eabi-gcc "../Drivers/STM32F4xx_HAL_Driver/Src/stm32f4xx_hal_cortex.c" -mcpu=cortex-m4 -std=gnu11 -g3 -DSTM32F405xx -DUSE_HAL_DRIVER -DDEBUG -c -I"/home/chris/DSPGuitarPedalF405/F405_Main/Application" -I"/home/chris/DSPGuitarPedalF405/F405_Main/Application/Debounce" -I"/home/chris/DSPGuitarPedalF405/F405_Main/Application/FreeRTOS" -I"/home/chris/DSPGuitarPedalF405/F405_Main/Application/FSM" -I"/home/chris/DSPGuitarPedalF405/F405_Main/Application/DSP" -I"/opt/FreeRTOSv202012.00/FreeRTOS/Source/include" -I"/opt/FreeRTOSv202012.00/FreeRTOS/Source/portable/GCC/ARM_CM4F" -I"/home/chris/DSPGuitarPedalF405/F405_RTT/RTT" -I/home/chris/CMSIS_5.7.0_Build/CMSIS/DSP/Include -I../Core/Inc -I../Drivers/CMSIS/Include -I../Drivers/CMSIS/Device/ST/STM32F4xx/Include -I../Drivers/STM32F4xx_HAL_Driver/Inc -I../Drivers/STM32F4xx_HAL_Driver/Inc/Legacy -O0 -ffunction-sections -fdata-sections -Wall -fstack-usage -MMD -MP -MF"Drivers/STM32F4xx_HAL_Driver/Src/stm32f4xx_hal_cortex.d" -MT"Drivers/STM32F4xx_HAL_Driver/Src/stm32f4xx_hal_cortex.o" --specs=nano.specs -mfpu=fpv4-sp-d16 -mfloat-abi=hard -mthumb -o "Drivers/STM32F4xx_HAL_Driver/Src/stm32f4xx_hal_cortex.o"
arm-none-eabi-gcc "../Drivers/STM32F4xx_HAL_Driver/Src/stm32f4xx_hal_dma.c" -mcpu=cortex-m4 -std=gnu11 -g3 -DSTM32F405xx -DUSE_HAL_DRIVER -DDEBUG -c -I"/home/chris/DSPGuitarPedalF405/F405_Main/Application" -I"/home/chris/DSPGuitarPedalF405/F405_Main/Application/Debounce" -I"/home/chris/DSPGuitarPedalF405/F405_Main/Application/FreeRTOS" -I"/home/chris/DSPGuitarPedalF405/F405_Main/Application/FSM" -I"/home/chris/DSPGuitarPedalF405/F405_Main/Application/DSP" -I"/opt/FreeRTOSv202012.00/FreeRTOS/Source/include" -I"/opt/FreeRTOSv202012.00/FreeRTOS/Source/portable/GCC/ARM_CM4F" -I"/home/chris/DSPGuitarPedalF405/F405_RTT/RTT" -I/home/chris/CMSIS_5.7.0_Build/CMSIS/DSP/Include -I../Core/Inc -I../Drivers/CMSIS/Include -I../Drivers/CMSIS/Device/ST/STM32F4xx/Include -I../Drivers/STM32F4xx_HAL_Driver/Inc -I../Drivers/STM32F4xx_HAL_Driver/Inc/Legacy -O0 -ffunction-sections -fdata-sections -Wall -fstack-usage -MMD -MP -MF"Drivers/STM32F4xx_HAL_Driver/Src/stm32f4xx_hal_dma.d" -MT"Drivers/STM32F4xx_HAL_Driver/Src/stm32f4xx_hal_dma.o" --specs=nano.specs -mfpu=fpv4-sp-d16 -mfloat-abi=hard -mthumb -o "Drivers/STM32F4xx_HAL_Driver/Src/stm32f4xx_hal_dma.o"
arm-none-eabi-gcc "../Drivers/STM32F4xx_HAL_Driver/Src/stm32f4xx_hal_dma_ex.c" -mcpu=cortex-m4 -std=gnu11 -g3 -DSTM32F405xx -DUSE_HAL_DRIVER -DDEBUG -c -I"/home/chris/DSPGuitarPedalF405/F405_Main/Application" -I"/home/chris/DSPGuitarPedalF405/F405_Main/Application/Debounce" -I"/home/chris/DSPGuitarPedalF405/F405_Main/Application/FreeRTOS" -I"/home/chris/DSPGuitarPedalF405/F405_Main/Application/FSM" -I"/home/chris/DSPGuitarPedalF405/F405_Main/Application/DSP" -I"/opt/FreeRTOSv202012.00/FreeRTOS/Source/include" -I"/opt/FreeRTOSv202012.00/FreeRTOS/Source/portable/GCC/ARM_CM4F" -I"/home/chris/DSPGuitarPedalF405/F405_RTT/RTT" -I/home/chris/CMSIS_5.7.0_Build/CMSIS/DSP/Include -I../Core/Inc -I../Drivers/CMSIS/Include -I../Drivers/CMSIS/Device/ST/STM32F4xx/Include -I../Drivers/STM32F4xx_HAL_Driver/Inc -I../Drivers/STM32F4xx_HAL_Driver/Inc/Legacy -O0 -ffunction-sections -fdata-sections -Wall -fstack-usage -MMD -MP -MF"Drivers/STM32F4xx_HAL_Driver/Src/stm32f4xx_hal_dma_ex.d" -MT"Drivers/STM32F4xx_HAL_Driver/Src/stm32f4xx_hal_dma_ex.o" --specs=nano.specs -mfpu=fpv4-sp-d16 -mfloat-abi=hard -mthumb -o "Drivers/STM32F4xx_HAL_Driver/Src/stm32f4xx_hal_dma_ex.o"
arm-none-eabi-gcc "../Drivers/STM32F4xx_HAL_Driver/Src/stm32f4xx_hal_exti.c" -mcpu=cortex-m4 -std=gnu11 -g3 -DSTM32F405xx -DUSE_HAL_DRIVER -DDEBUG -c -I"/home/chris/DSPGuitarPedalF405/F405_Main/Application" -I"/home/chris/DSPGuitarPedalF405/F405_Main/Application/Debounce" -I"/home/chris/DSPGuitarPedalF405/F405_Main/Application/FreeRTOS" -I"/home/chris/DSPGuitarPedalF405/F405_Main/Application/FSM" -I"/home/chris/DSPGuitarPedalF405/F405_Main/Application/DSP" -I"/opt/FreeRTOSv202012.00/FreeRTOS/Source/include" -I"/opt/FreeRTOSv202012.00/FreeRTOS/Source/portable/GCC/ARM_CM4F" -I"/home/chris/DSPGuitarPedalF405/F405_RTT/RTT" -I/home/chris/CMSIS_5.7.0_Build/CMSIS/DSP/Include -I../Core/Inc -I../Drivers/CMSIS/Include -I../Drivers/CMSIS/Device/ST/STM32F4xx/Include -I../Drivers/STM32F4xx_HAL_Driver/Inc -I../Drivers/STM32F4xx_HAL_Driver/Inc/Legacy -O0 -ffunction-sections -fdata-sections -Wall -fstack-usage -MMD -MP -MF"Drivers/STM32F4xx_HAL_Driver/Src/stm32f4xx_hal_exti.d" -MT"Drivers/STM32F4xx_HAL_Driver/Src/stm32f4xx_hal_exti.o" --specs=nano.specs -mfpu=fpv4-sp-d16 -mfloat-abi=hard -mthumb -o "Drivers/STM32F4xx_HAL_Driver/Src/stm32f4xx_hal_exti.o"
arm-none-eabi-gcc "../Drivers/STM32F4xx_HAL_Driver/Src/stm32f4xx_hal_flash.c" -mcpu=cortex-m4 -std=gnu11 -g3 -DSTM32F405xx -DUSE_HAL_DRIVER -DDEBUG -c -I"/home/chris/DSPGuitarPedalF405/F405_Main/Application" -I"/home/chris/DSPGuitarPedalF405/F405_Main/Application/Debounce" -I"/home/chris/DSPGuitarPedalF405/F405_Main/Application/FreeRTOS" -I"/home/chris/DSPGuitarPedalF405/F405_Main/Application/FSM" -I"/home/chris/DSPGuitarPedalF405/F405_Main/Application/DSP" -I"/opt/FreeRTOSv202012.00/FreeRTOS/Source/include" -I"/opt/FreeRTOSv202012.00/FreeRTOS/Source/portable/GCC/ARM_CM4F" -I"/home/chris/DSPGuitarPedalF405/F405_RTT/RTT" -I/home/chris/CMSIS_5.7.0_Build/CMSIS/DSP/Include -I../Core/Inc -I../Drivers/CMSIS/Include -I../Drivers/CMSIS/Device/ST/STM32F4xx/Include -I../Drivers/STM32F4xx_HAL_Driver/Inc -I../Drivers/STM32F4xx_HAL_Driver/Inc/Legacy -O0 -ffunction-sections -fdata-sections -Wall -fstack-usage -MMD -MP -MF"Drivers/STM32F4xx_HAL_Driver/Src/stm32f4xx_hal_flash.d" -MT"Drivers/STM32F4xx_HAL_Driver/Src/stm32f4xx_hal_flash.o" --specs=nano.specs -mfpu=fpv4-sp-d16 -mfloat-abi=hard -mthumb -o "Drivers/STM32F4xx_HAL_Driver/Src/stm32f4xx_hal_flash.o"
arm-none-eabi-gcc "../Drivers/STM32F4xx_HAL_Driver/Src/stm32f4xx_hal_flash_ex.c" -mcpu=cortex-m4 -std=gnu11 -g3 -DSTM32F405xx -DUSE_HAL_DRIVER -DDEBUG -c -I"/home/chris/DSPGuitarPedalF405/F405_Main/Application" -I"/home/chris/DSPGuitarPedalF405/F405_Main/Application/Debounce" -I"/home/chris/DSPGuitarPedalF405/F405_Main/Application/FreeRTOS" -I"/home/chris/DSPGuitarPedalF405/F405_Main/Application/FSM" -I"/home/chris/DSPGuitarPedalF405/F405_Main/Application/DSP" -I"/opt/FreeRTOSv202012.00/FreeRTOS/Source/include" -I"/opt/FreeRTOSv202012.00/FreeRTOS/Source/portable/GCC/ARM_CM4F" -I"/home/chris/DSPGuitarPedalF405/F405_RTT/RTT" -I/home/chris/CMSIS_5.7.0_Build/CMSIS/DSP/Include -I../Core/Inc -I../Drivers/CMSIS/Include -I../Drivers/CMSIS/Device/ST/STM32F4xx/Include -I../Drivers/STM32F4xx_HAL_Driver/Inc -I../Drivers/STM32F4xx_HAL_Driver/Inc/Legacy -O0 -ffunction-sections -fdata-sections -Wall -fstack-usage -MMD -MP -MF"Drivers/STM32F4xx_HAL_Driver/Src/stm32f4xx_hal_flash_ex.d" -MT"Drivers/STM32F4xx_HAL_Driver/Src/stm32f4xx_hal_flash_ex.o" --specs=nano.specs -mfpu=fpv4-sp-d16 -mfloat-abi=hard -mthumb -o "Drivers/STM32F4xx_HAL_Driver/Src/stm32f4xx_hal_flash_ex.o"
arm-none-eabi-gcc "../Drivers/STM32F4xx_HAL_Driver/Src/stm32f4xx_hal_flash_ramfunc.c" -mcpu=cortex-m4 -std=gnu11 -g3 -DSTM32F405xx -DUSE_HAL_DRIVER -DDEBUG -c -I"/home/chris/DSPGuitarPedalF405/F405_Main/Application" -I"/home/chris/DSPGuitarPedalF405/F405_Main/Application/Debounce" -I"/home/chris/DSPGuitarPedalF405/F405_Main/Application/FreeRTOS" -I"/home/chris/DSPGuitarPedalF405/F405_Main/Application/FSM" -I"/home/chris/DSPGuitarPedalF405/F405_Main/Application/DSP" -I"/opt/FreeRTOSv202012.00/FreeRTOS/Source/include" -I"/opt/FreeRTOSv202012.00/FreeRTOS/Source/portable/GCC/ARM_CM4F" -I"/home/chris/DSPGuitarPedalF405/F405_RTT/RTT" -I/home/chris/CMSIS_5.7.0_Build/CMSIS/DSP/Include -I../Core/Inc -I../Drivers/CMSIS/Include -I../Drivers/CMSIS/Device/ST/STM32F4xx/Include -I../Drivers/STM32F4xx_HAL_Driver/Inc -I../Drivers/STM32F4xx_HAL_Driver/Inc/Legacy -O0 -ffunction-sections -fdata-sections -Wall -fstack-usage -MMD -MP -MF"Drivers/STM32F4xx_HAL_Driver/Src/stm32f4xx_hal_flash_ramfunc.d" -MT"Drivers/STM32F4xx_HAL_Driver/Src/stm32f4xx_hal_flash_ramfunc.o" --specs=nano.specs -mfpu=fpv4-sp-d16 -mfloat-abi=hard -mthumb -o "Drivers/STM32F4xx_HAL_Driver/Src/stm32f4xx_hal_flash_ramfunc.o"
arm-none-eabi-gcc "../Drivers/STM32F4xx_HAL_Driver/Src/stm32f4xx_hal_gpio.c" -mcpu=cortex-m4 -std=gnu11 -g3 -DSTM32F405xx -DUSE_HAL_DRIVER -DDEBUG -c -I"/home/chris/DSPGuitarPedalF405/F405_Main/Application" -I"/home/chris/DSPGuitarPedalF405/F405_Main/Application/Debounce" -I"/home/chris/DSPGuitarPedalF405/F405_Main/Application/FreeRTOS" -I"/home/chris/DSPGuitarPedalF405/F405_Main/Application/FSM" -I"/home/chris/DSPGuitarPedalF405/F405_Main/Application/DSP" -I"/opt/FreeRTOSv202012.00/FreeRTOS/Source/include" -I"/opt/FreeRTOSv202012.00/FreeRTOS/Source/portable/GCC/ARM_CM4F" -I"/home/chris/DSPGuitarPedalF405/F405_RTT/RTT" -I/home/chris/CMSIS_5.7.0_Build/CMSIS/DSP/Include -I../Core/Inc -I../Drivers/CMSIS/Include -I../Drivers/CMSIS/Device/ST/STM32F4xx/Include -I../Drivers/STM32F4xx_HAL_Driver/Inc -I../Drivers/STM32F4xx_HAL_Driver/Inc/Legacy -O0 -ffunction-sections -fdata-sections -Wall -fstack-usage -MMD -MP -MF"Drivers/STM32F4xx_HAL_Driver/Src/stm32f4xx_hal_gpio.d" -MT"Drivers/STM32F4xx_HAL_Driver/Src/stm32f4xx_hal_gpio.o" --specs=nano.specs -mfpu=fpv4-sp-d16 -mfloat-abi=hard -mthumb -o "Drivers/STM32F4xx_HAL_Driver/Src/stm32f4xx_hal_gpio.o"
arm-none-eabi-gcc "../Drivers/STM32F4xx_HAL_Driver/Src/stm32f4xx_hal_i2s.c" -mcpu=cortex-m4 -std=gnu11 -g3 -DSTM32F405xx -DUSE_HAL_DRIVER -DDEBUG -c -I"/home/chris/DSPGuitarPedalF405/F405_Main/Application" -I"/home/chris/DSPGuitarPedalF405/F405_Main/Application/Debounce" -I"/home/chris/DSPGuitarPedalF405/F405_Main/Application/FreeRTOS" -I"/home/chris/DSPGuitarPedalF405/F405_Main/Application/FSM" -I"/home/chris/DSPGuitarPedalF405/F405_Main/Application/DSP" -I"/opt/FreeRTOSv202012.00/FreeRTOS/Source/include" -I"/opt/FreeRTOSv202012.00/FreeRTOS/Source/portable/GCC/ARM_CM4F" -I"/home/chris/DSPGuitarPedalF405/F405_RTT/RTT" -I/home/chris/CMSIS_5.7.0_Build/CMSIS/DSP/Include -I../Core/Inc -I../Drivers/CMSIS/Include -I../Drivers/CMSIS/Device/ST/STM32F4xx/Include -I../Drivers/STM32F4xx_HAL_Driver/Inc -I../Drivers/STM32F4xx_HAL_Driver/Inc/Legacy -O0 -ffunction-sections -fdata-sections -Wall -fstack-usage -MMD -MP -MF"Drivers/STM32F4xx_HAL_Driver/Src/stm32f4xx_hal_i2s.d" -MT"Drivers/STM32F4xx_HAL_Driver/Src/stm32f4xx_hal_i2s.o" --specs=nano.specs -mfpu=fpv4-sp-d16 -mfloat-abi=hard -mthumb -o "Drivers/STM32F4xx_HAL_Driver/Src/stm32f4xx_hal_i2s.o"
arm-none-eabi-gcc "../Drivers/STM32F4xx_HAL_Driver/Src/stm32f4xx_hal_i2s_ex.c" -mcpu=cortex-m4 -std=gnu11 -g3 -DSTM32F405xx -DUSE_HAL_DRIVER -DDEBUG -c -I"/home/chris/DSPGuitarPedalF405/F405_Main/Application" -I"/home/chris/DSPGuitarPedalF405/F405_Main/Application/Debounce" -I"/home/chris/DSPGuitarPedalF405/F405_Main/Application/FreeRTOS" -I"/home/chris/DSPGuitarPedalF405/F405_Main/Application/FSM" -I"/home/chris/DSPGuitarPedalF405/F405_Main/Application/DSP" -I"/opt/FreeRTOSv202012.00/FreeRTOS/Source/include" -I"/opt/FreeRTOSv202012.00/FreeRTOS/Source/portable/GCC/ARM_CM4F" -I"/home/chris/DSPGuitarPedalF405/F405_RTT/RTT" -I/home/chris/CMSIS_5.7.0_Build/CMSIS/DSP/Include -I../Core/Inc -I../Drivers/CMSIS/Include -I../Drivers/CMSIS/Device/ST/STM32F4xx/Include -I../Drivers/STM32F4xx_HAL_Driver/Inc -I../Drivers/STM32F4xx_HAL_Driver/Inc/Legacy -O0 -ffunction-sections -fdata-sections -Wall -fstack-usage -MMD -MP -MF"Drivers/STM32F4xx_HAL_Driver/Src/stm32f4xx_hal_i2s_ex.d" -MT"Drivers/STM32F4xx_HAL_Driver/Src/stm32f4xx_hal_i2s_ex.o" --specs=nano.specs -mfpu=fpv4-sp-d16 -mfloat-abi=hard -mthumb -o "Drivers/STM32F4xx_HAL_Driver/Src/stm32f4xx_hal_i2s_ex.o"
arm-none-eabi-gcc "../Drivers/STM32F4xx_HAL_Driver/Src/stm32f4xx_hal_pwr.c" -mcpu=cortex-m4 -std=gnu11 -g3 -DSTM32F405xx -DUSE_HAL_DRIVER -DDEBUG -c -I"/home/chris/DSPGuitarPedalF405/F405_Main/Application" -I"/home/chris/DSPGuitarPedalF405/F405_Main/Application/Debounce" -I"/home/chris/DSPGuitarPedalF405/F405_Main/Application/FreeRTOS" -I"/home/chris/DSPGuitarPedalF405/F405_Main/Application/FSM" -I"/home/chris/DSPGuitarPedalF405/F405_Main/Application/DSP" -I"/opt/FreeRTOSv202012.00/FreeRTOS/Source/include" -I"/opt/FreeRTOSv202012.00/FreeRTOS/Source/portable/GCC/ARM_CM4F" -I"/home/chris/DSPGuitarPedalF405/F405_RTT/RTT" -I/home/chris/CMSIS_5.7.0_Build/CMSIS/DSP/Include -I../Core/Inc -I../Drivers/CMSIS/Include -I../Drivers/CMSIS/Device/ST/STM32F4xx/Include -I../Drivers/STM32F4xx_HAL_Driver/Inc -I../Drivers/STM32F4xx_HAL_Driver/Inc/Legacy -O0 -ffunction-sections -fdata-sections -Wall -fstack-usage -MMD -MP -MF"Drivers/STM32F4xx_HAL_Driver/Src/stm32f4xx_hal_pwr.d" -MT"Drivers/STM32F4xx_HAL_Driver/Src/stm32f4xx_hal_pwr.o" --specs=nano.specs -mfpu=fpv4-sp-d16 -mfloat-abi=hard -mthumb -o "Drivers/STM32F4xx_HAL_Driver/Src/stm32f4xx_hal_pwr.o"
arm-none-eabi-gcc "../Drivers/STM32F4xx_HAL_Driver/Src/stm32f4xx_hal_pwr_ex.c" -mcpu=cortex-m4 -std=gnu11 -g3 -DSTM32F405xx -DUSE_HAL_DRIVER -DDEBUG -c -I"/home/chris/DSPGuitarPedalF405/F405_Main/Application" -I"/home/chris/DSPGuitarPedalF405/F405_Main/Application/Debounce" -I"/home/chris/DSPGuitarPedalF405/F405_Main/Application/FreeRTOS" -I"/home/chris/DSPGuitarPedalF405/F405_Main/Application/FSM" -I"/home/chris/DSPGuitarPedalF405/F405_Main/Application/DSP" -I"/opt/FreeRTOSv202012.00/FreeRTOS/Source/include" -I"/opt/FreeRTOSv202012.00/FreeRTOS/Source/portable/GCC/ARM_CM4F" -I"/home/chris/DSPGuitarPedalF405/F405_RTT/RTT" -I/home/chris/CMSIS_5.7.0_Build/CMSIS/DSP/Include -I../Core/Inc -I../Drivers/CMSIS/Include -I../Drivers/CMSIS/Device/ST/STM32F4xx/Include -I../Drivers/STM32F4xx_HAL_Driver/Inc -I../Drivers/STM32F4xx_HAL_Driver/Inc/Legacy -O0 -ffunction-sections -fdata-sections -Wall -fstack-usage -MMD -MP -MF"Drivers/STM32F4xx_HAL_Driver/Src/stm32f4xx_hal_pwr_ex.d" -MT"Drivers/STM32F4xx_HAL_Driver/Src/stm32f4xx_hal_pwr_ex.o" --specs=nano.specs -mfpu=fpv4-sp-d16 -mfloat-abi=hard -mthumb -o "Drivers/STM32F4xx_HAL_Driver/Src/stm32f4xx_hal_pwr_ex.o"
arm-none-eabi-gcc "../Drivers/STM32F4xx_HAL_Driver/Src/stm32f4xx_hal_rcc.c" -mcpu=cortex-m4 -std=gnu11 -g3 -DSTM32F405xx -DUSE_HAL_DRIVER -DDEBUG -c -I"/home/chris/DSPGuitarPedalF405/F405_Main/Application" -I"/home/chris/DSPGuitarPedalF405/F405_Main/Application/Debounce" -I"/home/chris/DSPGuitarPedalF405/F405_Main/Application/FreeRTOS" -I"/home/chris/DSPGuitarPedalF405/F405_Main/Application/FSM" -I"/home/chris/DSPGuitarPedalF405/F405_Main/Application/DSP" -I"/opt/FreeRTOSv202012.00/FreeRTOS/Source/include" -I"/opt/FreeRTOSv202012.00/FreeRTOS/Source/portable/GCC/ARM_CM4F" -I"/home/chris/DSPGuitarPedalF405/F405_RTT/RTT" -I/home/chris/CMSIS_5.7.0_Build/CMSIS/DSP/Include -I../Core/Inc -I../Drivers/CMSIS/Include -I../Drivers/CMSIS/Device/ST/STM32F4xx/Include -I../Drivers/STM32F4xx_HAL_Driver/Inc -I../Drivers/STM32F4xx_HAL_Driver/Inc/Legacy -O0 -ffunction-sections -fdata-sections -Wall -fstack-usage -MMD -MP -MF"Drivers/STM32F4xx_HAL_Driver/Src/stm32f4xx_hal_rcc.d" -MT"Drivers/STM32F4xx_HAL_Driver/Src/stm32f4xx_hal_rcc.o" --specs=nano.specs -mfpu=fpv4-sp-d16 -mfloat-abi=hard -mthumb -o "Drivers/STM32F4xx_HAL_Driver/Src/stm32f4xx_hal_rcc.o"
arm-none-eabi-gcc "../Drivers/STM32F4xx_HAL_Driver/Src/stm32f4xx_hal_rcc_ex.c" -mcpu=cortex-m4 -std=gnu11 -g3 -DSTM32F405xx -DUSE_HAL_DRIVER -DDEBUG -c -I"/home/chris/DSPGuitarPedalF405/F405_Main/Application" -I"/home/chris/DSPGuitarPedalF405/F405_Main/Application/Debounce" -I"/home/chris/DSPGuitarPedalF405/F405_Main/Application/FreeRTOS" -I"/home/chris/DSPGuitarPedalF405/F405_Main/Application/FSM" -I"/home/chris/DSPGuitarPedalF405/F405_Main/Application/DSP" -I"/opt/FreeRTOSv202012.00/FreeRTOS/Source/include" -I"/opt/FreeRTOSv202012.00/FreeRTOS/Source/portable/GCC/ARM_CM4F" -I"/home/chris/DSPGuitarPedalF405/F405_RTT/RTT" -I/home/chris/CMSIS_5.7.0_Build/CMSIS/DSP/Include -I../Core/Inc -I../Drivers/CMSIS/Include -I../Drivers/CMSIS/Device/ST/STM32F4xx/Include -I../Drivers/STM32F4xx_HAL_Driver/Inc -I../Drivers/STM32F4xx_HAL_Driver/Inc/Legacy -O0 -ffunction-sections -fdata-sections -Wall -fstack-usage -MMD -MP -MF"Drivers/STM32F4xx_HAL_Driver/Src/stm32f4xx_hal_rcc_ex.d" -MT"Drivers/STM32F4xx_HAL_Driver/Src/stm32f4xx_hal_rcc_ex.o" --specs=nano.specs -mfpu=fpv4-sp-d16 -mfloat-abi=hard -mthumb -o "Drivers/STM32F4xx_HAL_Driver/Src/stm32f4xx_hal_rcc_ex.o"
arm-none-eabi-gcc "../Drivers/STM32F4xx_HAL_Driver/Src/stm32f4xx_hal_tim.c" -mcpu=cortex-m4 -std=gnu11 -g3 -DSTM32F405xx -DUSE_HAL_DRIVER -DDEBUG -c -I"/home/chris/DSPGuitarPedalF405/F405_Main/Application" -I"/home/chris/DSPGuitarPedalF405/F405_Main/Application/Debounce" -I"/home/chris/DSPGuitarPedalF405/F405_Main/Application/FreeRTOS" -I"/home/chris/DSPGuitarPedalF405/F405_Main/Application/FSM" -I"/home/chris/DSPGuitarPedalF405/F405_Main/Application/DSP" -I"/opt/FreeRTOSv202012.00/FreeRTOS/Source/include" -I"/opt/FreeRTOSv202012.00/FreeRTOS/Source/portable/GCC/ARM_CM4F" -I"/home/chris/DSPGuitarPedalF405/F405_RTT/RTT" -I/home/chris/CMSIS_5.7.0_Build/CMSIS/DSP/Include -I../Core/Inc -I../Drivers/CMSIS/Include -I../Drivers/CMSIS/Device/ST/STM32F4xx/Include -I../Drivers/STM32F4xx_HAL_Driver/Inc -I../Drivers/STM32F4xx_HAL_Driver/Inc/Legacy -O0 -ffunction-sections -fdata-sections -Wall -fstack-usage -MMD -MP -MF"Drivers/STM32F4xx_HAL_Driver/Src/stm32f4xx_hal_tim.d" -MT"Drivers/STM32F4xx_HAL_Driver/Src/stm32f4xx_hal_tim.o" --specs=nano.specs -mfpu=fpv4-sp-d16 -mfloat-abi=hard -mthumb -o "Drivers/STM32F4xx_HAL_Driver/Src/stm32f4xx_hal_tim.o"
arm-none-eabi-gcc "../Drivers/STM32F4xx_HAL_Driver/Src/stm32f4xx_hal_tim_ex.c" -mcpu=cortex-m4 -std=gnu11 -g3 -DSTM32F405xx -DUSE_HAL_DRIVER -DDEBUG -c -I"/home/chris/DSPGuitarPedalF405/F405_Main/Application" -I"/home/chris/DSPGuitarPedalF405/F405_Main/Application/Debounce" -I"/home/chris/DSPGuitarPedalF405/F405_Main/Application/FreeRTOS" -I"/home/chris/DSPGuitarPedalF405/F405_Main/Application/FSM" -I"/home/chris/DSPGuitarPedalF405/F405_Main/Application/DSP" -I"/opt/FreeRTOSv202012.00/FreeRTOS/Source/include" -I"/opt/FreeRTOSv202012.00/FreeRTOS/Source/portable/GCC/ARM_CM4F" -I"/home/chris/DSPGuitarPedalF405/F405_RTT/RTT" -I/home/chris/CMSIS_5.7.0_Build/CMSIS/DSP/Include -I../Core/Inc -I../Drivers/CMSIS/Include -I../Drivers/CMSIS/Device/ST/STM32F4xx/Include -I../Drivers/STM32F4xx_HAL_Driver/Inc -I../Drivers/STM32F4xx_HAL_Driver/Inc/Legacy -O0 -ffunction-sections -fdata-sections -Wall -fstack-usage -MMD -MP -MF"Drivers/STM32F4xx_HAL_Driver/Src/stm32f4xx_hal_tim_ex.d" -MT"Drivers/STM32F4xx_HAL_Driver/Src/stm32f4xx_hal_tim_ex.o" --specs=nano.specs -mfpu=fpv4-sp-d16 -mfloat-abi=hard -mthumb -o "Drivers/STM32F4xx_HAL_Driver/Src/stm32f4xx_hal_tim_ex.o"
arm-none-eabi-gcc "../Core/Src/dma.c" -mcpu=cortex-m4 -std=gnu11 -g3 -DSTM32F405xx -DUSE_HAL_DRIVER -DDEBUG -c -I"/home/chris/DSPGuitarPedalF405/F405_Main/Application" -I"/home/chris/DSPGuitarPedalF405/F405_Main/Application/Debounce" -I"/home/chris/DSPGuitarPedalF405/F405_Main/Application/FreeRTOS" -I"/home/chris/DSPGuitarPedalF405/F405_Main/Application/FSM" -I"/home/chris/DSPGuitarPedalF405/F405_Main/Application/DSP" -I"/opt/FreeRTOSv202012.00/FreeRTOS/Source/include" -I"/opt/FreeRTOSv202012.00/FreeRTOS/Source/portable/GCC/ARM_CM4F" -I"/home/chris/DSPGuitarPedalF405/F405_RTT/RTT" -I/home/chris/CMSIS_5.7.0_Build/CMSIS/DSP/Include -I../Core/Inc -I../Drivers/CMSIS/Include -I../Drivers/CMSIS/Device/ST/STM32F4xx/Include -I../Drivers/STM32F4xx_HAL_Driver/Inc -I../Drivers/STM32F4xx_HAL_Driver/Inc/Legacy -O0 -ffunction-sections -fdata-sections -Wall -fstack-usage -MMD -MP -MF"Core/Src/dma.d" -MT"Core/Src/dma.o" --specs=nano.specs -mfpu=fpv4-sp-d16 -mfloat-abi=hard -mthumb -o "Core/Src/dma.o"
arm-none-eabi-gcc "../Core/Src/gpio.c" -mcpu=cortex-m4 -std=gnu11 -g3 -DSTM32F405xx -DUSE_HAL_DRIVER -DDEBUG -c -I"/home/chris/DSPGuitarPedalF405/F405_Main/Application" -I"/home/chris/DSPGuitarPedalF405/F405_Main/Application/Debounce" -I"/home/chris/DSPGuitarPedalF405/F405_Main/Application/FreeRTOS" -I"/home/chris/DSPGuitarPedalF405/F405_Main/Application/FSM" -I"/home/chris/DSPGuitarPedalF405/F405_Main/Application/DSP" -I"/opt/FreeRTOSv202012.00/FreeRTOS/Source/include" -I"/opt/FreeRTOSv202012.00/FreeRTOS/Source/portable/GCC/ARM_CM4F" -I"/home/chris/DSPGuitarPedalF405/F405_RTT/RTT" -I/home/chris/CMSIS_5.7.0_Build/CMSIS/DSP/Include -I../Core/Inc -I../Drivers/CMSIS/Include -I../Drivers/CMSIS/Device/ST/STM32F4xx/Include -I../Drivers/STM32F4xx_HAL_Driver/Inc -I../Drivers/STM32F4xx_HAL_Driver/Inc/Legacy -O0 -ffunction-sections -fdata-sections -Wall -fstack-usage -MMD -MP -MF"Core/Src/gpio.d" -MT"Core/Src/gpio.o" --specs=nano.specs -mfpu=fpv4-sp-d16 -mfloat-abi=hard -mthumb -o "Core/Src/gpio.o"
arm-none-eabi-gcc "../Core/Src/i2s.c" -mcpu=cortex-m4 -std=gnu11 -g3 -DSTM32F405xx -DUSE_HAL_DRIVER -DDEBUG -c -I"/home/chris/DSPGuitarPedalF405/F405_Main/Application" -I"/home/chris/DSPGuitarPedalF405/F405_Main/Application/Debounce" -I"/home/chris/DSPGuitarPedalF405/F405_Main/Application/FreeRTOS" -I"/home/chris/DSPGuitarPedalF405/F405_Main/Application/FSM" -I"/home/chris/DSPGuitarPedalF405/F405_Main/Application/DSP" -I"/opt/FreeRTOSv202012.00/FreeRTOS/Source/include" -I"/opt/FreeRTOSv202012.00/FreeRTOS/Source/portable/GCC/ARM_CM4F" -I"/home/chris/DSPGuitarPedalF405/F405_RTT/RTT" -I/home/chris/CMSIS_5.7.0_Build/CMSIS/DSP/Include -I../Core/Inc -I../Drivers/CMSIS/Include -I../Drivers/CMSIS/Device/ST/STM32F4xx/Include -I../Drivers/STM32F4xx_HAL_Driver/Inc -I../Drivers/STM32F4xx_HAL_Driver/Inc/Legacy -O0 -ffunction-sections -fdata-sections -Wall -fstack-usage -MMD -MP -MF"Core/Src/i2s.d" -MT"Core/Src/i2s.o" --specs=nano.specs -mfpu=fpv4-sp-d16 -mfloat-abi=hard -mthumb -o "Core/Src/i2s.o"
arm-none-eabi-gcc "../Core/Src/main.c" -mcpu=cortex-m4 -std=gnu11 -g3 -DSTM32F405xx -DUSE_HAL_DRIVER -DDEBUG -c -I"/home/chris/DSPGuitarPedalF405/F405_Main/Application" -I"/home/chris/DSPGuitarPedalF405/F405_Main/Application/Debounce" -I"/home/chris/DSPGuitarPedalF405/F405_Main/Application/FreeRTOS" -I"/home/chris/DSPGuitarPedalF405/F405_Main/Application/FSM" -I"/home/chris/DSPGuitarPedalF405/F405_Main/Application/DSP" -I"/opt/FreeRTOSv202012.00/FreeRTOS/Source/include" -I"/opt/FreeRTOSv202012.00/FreeRTOS/Source/portable/GCC/ARM_CM4F" -I"/home/chris/DSPGuitarPedalF405/F405_RTT/RTT" -I/home/chris/CMSIS_5.7.0_Build/CMSIS/DSP/Include -I../Core/Inc -I../Drivers/CMSIS/Include -I../Drivers/CMSIS/Device/ST/STM32F4xx/Include -I../Drivers/STM32F4xx_HAL_Driver/Inc -I../Drivers/STM32F4xx_HAL_Driver/Inc/Legacy -O0 -ffunction-sections -fdata-sections -Wall -fstack-usage -MMD -MP -MF"Core/Src/main.d" -MT"Core/Src/main.o" --specs=nano.specs -mfpu=fpv4-sp-d16 -mfloat-abi=hard -mthumb -o "Core/Src/main.o"
arm-none-eabi-gcc "../Core/Src/stm32f4xx_hal_msp.c" -mcpu=cortex-m4 -std=gnu11 -g3 -DSTM32F405xx -DUSE_HAL_DRIVER -DDEBUG -c -I"/home/chris/DSPGuitarPedalF405/F405_Main/Application" -I"/home/chris/DSPGuitarPedalF405/F405_Main/Application/Debounce" -I"/home/chris/DSPGuitarPedalF405/F405_Main/Application/FreeRTOS" -I"/home/chris/DSPGuitarPedalF405/F405_Main/Application/FSM" -I"/home/chris/DSPGuitarPedalF405/F405_Main/Application/DSP" -I"/opt/FreeRTOSv202012.00/FreeRTOS/Source/include" -I"/opt/FreeRTOSv202012.00/FreeRTOS/Source/portable/GCC/ARM_CM4F" -I"/home/chris/DSPGuitarPedalF405/F405_RTT/RTT" -I/home/chris/CMSIS_5.7.0_Build/CMSIS/DSP/Include -I../Core/Inc -I../Drivers/CMSIS/Include -I../Drivers/CMSIS/Device/ST/STM32F4xx/Include -I../Drivers/STM32F4xx_HAL_Driver/Inc -I../Drivers/STM32F4xx_HAL_Driver/Inc/Legacy -O0 -ffunction-sections -fdata-sections -Wall -fstack-usage -MMD -MP -MF"Core/Src/stm32f4xx_hal_msp.d" -MT"Core/Src/stm32f4xx_hal_msp.o" --specs=nano.specs -mfpu=fpv4-sp-d16 -mfloat-abi=hard -mthumb -o "Core/Src/stm32f4xx_hal_msp.o"
arm-none-eabi-gcc "../Core/Src/stm32f4xx_hal_timebase_tim.c" -mcpu=cortex-m4 -std=gnu11 -g3 -DSTM32F405xx -DUSE_HAL_DRIVER -DDEBUG -c -I"/home/chris/DSPGuitarPedalF405/F405_Main/Application" -I"/home/chris/DSPGuitarPedalF405/F405_Main/Application/Debounce" -I"/home/chris/DSPGuitarPedalF405/F405_Main/Application/FreeRTOS" -I"/home/chris/DSPGuitarPedalF405/F405_Main/Application/FSM" -I"/home/chris/DSPGuitarPedalF405/F405_Main/Application/DSP" -I"/opt/FreeRTOSv202012.00/FreeRTOS/Source/include" -I"/opt/FreeRTOSv202012.00/FreeRTOS/Source/portable/GCC/ARM_CM4F" -I"/home/chris/DSPGuitarPedalF405/F405_RTT/RTT" -I/home/chris/CMSIS_5.7.0_Build/CMSIS/DSP/Include -I../Core/Inc -I../Drivers/CMSIS/Include -I../Drivers/CMSIS/Device/ST/STM32F4xx/Include -I../Drivers/STM32F4xx_HAL_Driver/Inc -I../Drivers/STM32F4xx_HAL_Driver/Inc/Legacy -O0 -ffunction-sections -fdata-sections -Wall -fstack-usage -MMD -MP -MF"Core/Src/stm32f4xx_hal_timebase_tim.d" -MT"Core/Src/stm32f4xx_hal_timebase_tim.o" --specs=nano.specs -mfpu=fpv4-sp-d16 -mfloat-abi=hard -mthumb -o "Core/Src/stm32f4xx_hal_timebase_tim.o"
arm-none-eabi-gcc "../Core/Src/stm32f4xx_it.c" -mcpu=cortex-m4 -std=gnu11 -g3 -DSTM32F405xx -DUSE_HAL_DRIVER -DDEBUG -c -I"/home/chris/DSPGuitarPedalF405/F405_Main/Application" -I"/home/chris/DSPGuitarPedalF405/F405_Main/Application/Debounce" -I"/home/chris/DSPGuitarPedalF405/F405_Main/Application/FreeRTOS" -I"/home/chris/DSPGuitarPedalF405/F405_Main/Application/FSM" -I"/home/chris/DSPGuitarPedalF405/F405_Main/Application/DSP" -I"/opt/FreeRTOSv202012.00/FreeRTOS/Source/include" -I"/opt/FreeRTOSv202012.00/FreeRTOS/Source/portable/GCC/ARM_CM4F" -I"/home/chris/DSPGuitarPedalF405/F405_RTT/RTT" -I/home/chris/CMSIS_5.7.0_Build/CMSIS/DSP/Include -I../Core/Inc -I../Drivers/CMSIS/Include -I../Drivers/CMSIS/Device/ST/STM32F4xx/Include -I../Drivers/STM32F4xx_HAL_Driver/Inc -I../Drivers/STM32F4xx_HAL_Driver/Inc/Legacy -O0 -ffunction-sections -fdata-sections -Wall -fstack-usage -MMD -MP -MF"Core/Src/stm32f4xx_it.d" -MT"Core/Src/stm32f4xx_it.o" --specs=nano.specs -mfpu=fpv4-sp-d16 -mfloat-abi=hard -mthumb -o "Core/Src/stm32f4xx_it.o"
arm-none-eabi-gcc "../Core/Src/system_stm32f4xx.c" -mcpu=cortex-m4 -std=gnu11 -g3 -DSTM32F405xx -DUSE_HAL_DRIVER -DDEBUG -c -I"/home/chris/DSPGuitarPedalF405/F405_Main/Application" -I"/home/chris/DSPGuitarPedalF405/F405_Main/Application/Debounce" -I"/home/chris/DSPGuitarPedalF405/F405_Main/Application/FreeRTOS" -I"/home/chris/DSPGuitarPedalF405/F405_Main/Application/FSM" -I"/home/chris/DSPGuitarPedalF405/F405_Main/Application/DSP" -I"/opt/FreeRTOSv202012.00/FreeRTOS/Source/include" -I"/opt/FreeRTOSv202012.00/FreeRTOS/Source/portable/GCC/ARM_CM4F" -I"/home/chris/DSPGuitarPedalF405/F405_RTT/RTT" -I/home/chris/CMSIS_5.7.0_Build/CMSIS/DSP/Include -I../Core/Inc -I../Drivers/CMSIS/Include -I../Drivers/CMSIS/Device/ST/STM32F4xx/Include -I../Drivers/STM32F4xx_HAL_Driver/Inc -I../Drivers/STM32F4xx_HAL_Driver/Inc/Legacy -O0 -ffunction-sections -fdata-sections -Wall -fstack-usage -MMD -MP -MF"Core/Src/system_stm32f4xx.d" -MT"Core/Src/system_stm32f4xx.o" --specs=nano.specs -mfpu=fpv4-sp-d16 -mfloat-abi=hard -mthumb -o "Core/Src/system_stm32f4xx.o"
arm-none-eabi-gcc "../Core/Src/tim.c" -mcpu=cortex-m4 -std=gnu11 -g3 -DSTM32F405xx -DUSE_HAL_DRIVER -DDEBUG -c -I"/home/chris/DSPGuitarPedalF405/F405_Main/Application" -I"/home/chris/DSPGuitarPedalF405/F405_Main/Application/Debounce" -I"/home/chris/DSPGuitarPedalF405/F405_Main/Application/FreeRTOS" -I"/home/chris/DSPGuitarPedalF405/F405_Main/Application/FSM" -I"/home/chris/DSPGuitarPedalF405/F405_Main/Application/DSP" -I"/opt/FreeRTOSv202012.00/FreeRTOS/Source/include" -I"/opt/FreeRTOSv202012.00/FreeRTOS/Source/portable/GCC/ARM_CM4F" -I"/home/chris/DSPGuitarPedalF405/F405_RTT/RTT" -I/home/chris/CMSIS_5.7.0_Build/CMSIS/DSP/Include -I../Core/Inc -I../Drivers/CMSIS/Include -I../Drivers/CMSIS/Device/ST/STM32F4xx/Include -I../Drivers/STM32F4xx_HAL_Driver/Inc -I../Drivers/STM32F4xx_HAL_Driver/Inc/Legacy -O0 -ffunction-sections -fdata-sections -Wall -fstack-usage -MMD -MP -MF"Core/Src/tim.d" -MT"Core/Src/tim.o" --specs=nano.specs -mfpu=fpv4-sp-d16 -mfloat-abi=hard -mthumb -o "Core/Src/tim.o"
arm-none-eabi-g++ "../Application/FSM/AbstractState.cpp" -mcpu=cortex-m4 -std=gnu++14 -g3 -DSTM32F405xx -DUSE_HAL_DRIVER -DDEBUG -c -I"/home/chris/DSPGuitarPedalF405/F405_Main/Application" -I"/home/chris/DSPGuitarPedalF405/F405_Main/Application/Debounce" -I"/home/chris/DSPGuitarPedalF405/F405_Main/Application/FreeRTOS" -I"/home/chris/DSPGuitarPedalF405/F405_Main/Application/FSM" -I"/home/chris/DSPGuitarPedalF405/F405_Main/Application/DSP" -I"/opt/FreeRTOSv202012.00/FreeRTOS/Source/include" -I"/opt/FreeRTOSv202012.00/FreeRTOS/Source/portable/GCC/ARM_CM4F" -I"/home/chris/DSPGuitarPedalF405/F405_RTT/RTT" -I/home/chris/CMSIS_5.7.0_Build/CMSIS/DSP/Include -I../Core/Inc -I../Drivers/CMSIS/Include -I../Drivers/CMSIS/Device/ST/STM32F4xx/Include -I../Drivers/STM32F4xx_HAL_Driver/Inc -I../Drivers/STM32F4xx_HAL_Driver/Inc/Legacy -O0 -ffunction-sections -fdata-sections -fno-exceptions -fno-rtti -fno-use-cxa-atexit -Wall -fstack-usage -MMD -MP -MF"Application/FSM/AbstractState.d" -MT"Application/FSM/AbstractState.o" --specs=nano.specs -mfpu=fpv4-sp-d16 -mfloat-abi=hard -mthumb -o "Application/FSM/AbstractState.o"
arm-none-eabi-g++ "../Application/FSM/EventMachine.cpp" -mcpu=cortex-m4 -std=gnu++14 -g3 -DSTM32F405xx -DUSE_HAL_DRIVER -DDEBUG -c -I"/home/chris/DSPGuitarPedalF405/F405_Main/Application" -I"/home/chris/DSPGuitarPedalF405/F405_Main/Application/Debounce" -I"/home/chris/DSPGuitarPedalF405/F405_Main/Application/FreeRTOS" -I"/home/chris/DSPGuitarPedalF405/F405_Main/Application/FSM" -I"/home/chris/DSPGuitarPedalF405/F405_Main/Application/DSP" -I"/opt/FreeRTOSv202012.00/FreeRTOS/Source/include" -I"/opt/FreeRTOSv202012.00/FreeRTOS/Source/portable/GCC/ARM_CM4F" -I"/home/chris/DSPGuitarPedalF405/F405_RTT/RTT" -I/home/chris/CMSIS_5.7.0_Build/CMSIS/DSP/Include -I../Core/Inc -I../Drivers/CMSIS/Include -I../Drivers/CMSIS/Device/ST/STM32F4xx/Include -I../Drivers/STM32F4xx_HAL_Driver/Inc -I../Drivers/STM32F4xx_HAL_Driver/Inc/Legacy -O0 -ffunction-sections -fdata-sections -fno-exceptions -fno-rtti -fno-use-cxa-atexit -Wall -fstack-usage -MMD -MP -MF"Application/FSM/EventMachine.d" -MT"Application/FSM/EventMachine.o" --specs=nano.specs -mfpu=fpv4-sp-d16 -mfloat-abi=hard -mthumb -o "Application/FSM/EventMachine.o"
arm-none-eabi-g++ "../Application/FSM/FxDisabledState.cpp" -mcpu=cortex-m4 -std=gnu++14 -g3 -DSTM32F405xx -DUSE_HAL_DRIVER -DDEBUG -c -I"/home/chris/DSPGuitarPedalF405/F405_Main/Application" -I"/home/chris/DSPGuitarPedalF405/F405_Main/Application/Debounce" -I"/home/chris/DSPGuitarPedalF405/F405_Main/Application/FreeRTOS" -I"/home/chris/DSPGuitarPedalF405/F405_Main/Application/FSM" -I"/home/chris/DSPGuitarPedalF405/F405_Main/Application/DSP" -I"/opt/FreeRTOSv202012.00/FreeRTOS/Source/include" -I"/opt/FreeRTOSv202012.00/FreeRTOS/Source/portable/GCC/ARM_CM4F" -I"/home/chris/DSPGuitarPedalF405/F405_RTT/RTT" -I/home/chris/CMSIS_5.7.0_Build/CMSIS/DSP/Include -I../Core/Inc -I../Drivers/CMSIS/Include -I../Drivers/CMSIS/Device/ST/STM32F4xx/Include -I../Drivers/STM32F4xx_HAL_Driver/Inc -I../Drivers/STM32F4xx_HAL_Driver/Inc/Legacy -O0 -ffunction-sections -fdata-sections -fno-exceptions -fno-rtti -fno-use-cxa-atexit -Wall -fstack-usage -MMD -MP -MF"Application/FSM/FxDisabledState.d" -MT"Application/FSM/FxDisabledState.o" --specs=nano.specs -mfpu=fpv4-sp-d16 -mfloat-abi=hard -mthumb -o "Application/FSM/FxDisabledState.o"
arm-none-eabi-g++ "../Application/FSM/FxEnabledState.cpp" -mcpu=cortex-m4 -std=gnu++14 -g3 -DSTM32F405xx -DUSE_HAL_DRIVER -DDEBUG -c -I"/home/chris/DSPGuitarPedalF405/F405_Main/Application" -I"/home/chris/DSPGuitarPedalF405/F405_Main/Application/Debounce" -I"/home/chris/DSPGuitarPedalF405/F405_Main/Application/FreeRTOS" -I"/home/chris/DSPGuitarPedalF405/F405_Main/Application/FSM" -I"/home/chris/DSPGuitarPedalF405/F405_Main/Application/DSP" -I"/opt/FreeRTOSv202012.00/FreeRTOS/Source/include" -I"/opt/FreeRTOSv202012.00/FreeRTOS/Source/portable/GCC/ARM_CM4F" -I"/home/chris/DSPGuitarPedalF405/F405_RTT/RTT" -I/home/chris/CMSIS_5.7.0_Build/CMSIS/DSP/Include -I../Core/Inc -I../Drivers/CMSIS/Include -I../Drivers/CMSIS/Device/ST/STM32F4xx/Include -I../Drivers/STM32F4xx_HAL_Driver/Inc -I../Drivers/STM32F4xx_HAL_Driver/Inc/Legacy -O0 -ffunction-sections -fdata-sections -fno-exceptions -fno-rtti -fno-use-cxa-atexit -Wall -fstack-usage -MMD -MP -MF"Application/FSM/FxEnabledState.d" -MT"Application/FSM/FxEnabledState.o" --specs=nano.specs -mfpu=fpv4-sp-d16 -mfloat-abi=hard -mthumb -o "Application/FSM/FxEnabledState.o"
arm-none-eabi-g++ "../Application/Debounce/Debounce.cpp" -mcpu=cortex-m4 -std=gnu++14 -g3 -DSTM32F405xx -DUSE_HAL_DRIVER -DDEBUG -c -I"/home/chris/DSPGuitarPedalF405/F405_Main/Application" -I"/home/chris/DSPGuitarPedalF405/F405_Main/Application/Debounce" -I"/home/chris/DSPGuitarPedalF405/F405_Main/Application/FreeRTOS" -I"/home/chris/DSPGuitarPedalF405/F405_Main/Application/FSM" -I"/home/chris/DSPGuitarPedalF405/F405_Main/Application/DSP" -I"/opt/FreeRTOSv202012.00/FreeRTOS/Source/include" -I"/opt/FreeRTOSv202012.00/FreeRTOS/Source/portable/GCC/ARM_CM4F" -I"/home/chris/DSPGuitarPedalF405/F405_RTT/RTT" -I/home/chris/CMSIS_5.7.0_Build/CMSIS/DSP/Include -I../Core/Inc -I../Drivers/CMSIS/Include -I../Drivers/CMSIS/Device/ST/STM32F4xx/Include -I../Drivers/STM32F4xx_HAL_Driver/Inc -I../Drivers/STM32F4xx_HAL_Driver/Inc/Legacy -O0 -ffunction-sections -fdata-sections -fno-exceptions -fno-rtti -fno-use-cxa-atexit -Wall -fstack-usage -MMD -MP -MF"Application/Debounce/Debounce.d" -MT"Application/Debounce/Debounce.o" --specs=nano.specs -mfpu=fpv4-sp-d16 -mfloat-abi=hard -mthumb -o "Application/Debounce/Debounce.o"
arm-none-eabi-g++ "../Application/AppMain.cpp" -mcpu=cortex-m4 -std=gnu++14 -g3 -DSTM32F405xx -DUSE_HAL_DRIVER -DDEBUG -c -I"/home/chris/DSPGuitarPedalF405/F405_Main/Application" -I"/home/chris/DSPGuitarPedalF405/F405_Main/Application/Debounce" -I"/home/chris/DSPGuitarPedalF405/F405_Main/Application/FreeRTOS" -I"/home/chris/DSPGuitarPedalF405/F405_Main/Application/FSM" -I"/home/chris/DSPGuitarPedalF405/F405_Main/Application/DSP" -I"/opt/FreeRTOSv202012.00/FreeRTOS/Source/include" -I"/opt/FreeRTOSv202012.00/FreeRTOS/Source/portable/GCC/ARM_CM4F" -I"/home/chris/DSPGuitarPedalF405/F405_RTT/RTT" -I/home/chris/CMSIS_5.7.0_Build/CMSIS/DSP/Include -I../Core/Inc -I../Drivers/CMSIS/Include -I../Drivers/CMSIS/Device/ST/STM32F4xx/Include -I../Drivers/STM32F4xx_HAL_Driver/Inc -I../Drivers/STM32F4xx_HAL_Driver/Inc/Legacy -O0 -ffunction-sections -fdata-sections -fno-exceptions -fno-rtti -fno-use-cxa-atexit -Wall -fstack-usage -MMD -MP -MF"Application/AppMain.d" -MT"Application/AppMain.o" --specs=nano.specs -mfpu=fpv4-sp-d16 -mfloat-abi=hard -mthumb -o "Application/AppMain.o"
arm-none-eabi-g++ "../Application/PeriphInterrupts.cpp" -mcpu=cortex-m4 -std=gnu++14 -g3 -DSTM32F405xx -DUSE_HAL_DRIVER -DDEBUG -c -I"/home/chris/DSPGuitarPedalF405/F405_Main/Application" -I"/home/chris/DSPGuitarPedalF405/F405_Main/Application/Debounce" -I"/home/chris/DSPGuitarPedalF405/F405_Main/Application/FreeRTOS" -I"/home/chris/DSPGuitarPedalF405/F405_Main/Application/FSM" -I"/home/chris/DSPGuitarPedalF405/F405_Main/Application/DSP" -I"/opt/FreeRTOSv202012.00/FreeRTOS/Source/include" -I"/opt/FreeRTOSv202012.00/FreeRTOS/Source/portable/GCC/ARM_CM4F" -I"/home/chris/DSPGuitarPedalF405/F405_RTT/RTT" -I/home/chris/CMSIS_5.7.0_Build/CMSIS/DSP/Include -I../Core/Inc -I../Drivers/CMSIS/Include -I../Drivers/CMSIS/Device/ST/STM32F4xx/Include -I../Drivers/STM32F4xx_HAL_Driver/Inc -I../Drivers/STM32F4xx_HAL_Driver/Inc/Legacy -O0 -ffunction-sections -fdata-sections -fno-exceptions -fno-rtti -fno-use-cxa-atexit -Wall -fstack-usage -MMD -MP -MF"Application/PeriphInterrupts.d" -MT"Application/PeriphInterrupts.o" --specs=nano.specs -mfpu=fpv4-sp-d16 -mfloat-abi=hard -mthumb -o "Application/PeriphInterrupts.o"
arm-none-eabi-g++ "../Application/pedal_io_test.cpp" -mcpu=cortex-m4 -std=gnu++14 -g3 -DSTM32F405xx -DUSE_HAL_DRIVER -DDEBUG -c -I"/home/chris/DSPGuitarPedalF405/F405_Main/Application" -I"/home/chris/DSPGuitarPedalF405/F405_Main/Application/Debounce" -I"/home/chris/DSPGuitarPedalF405/F405_Main/Application/FreeRTOS" -I"/home/chris/DSPGuitarPedalF405/F405_Main/Application/FSM" -I"/home/chris/DSPGuitarPedalF405/F405_Main/Application/DSP" -I"/opt/FreeRTOSv202012.00/FreeRTOS/Source/include" -I"/opt/FreeRTOSv202012.00/FreeRTOS/Source/portable/GCC/ARM_CM4F" -I"/home/chris/DSPGuitarPedalF405/F405_RTT/RTT" -I/home/chris/CMSIS_5.7.0_Build/CMSIS/DSP/Include -I../Core/Inc -I../Drivers/CMSIS/Include -I../Drivers/CMSIS/Device/ST/STM32F4xx/Include -I../Drivers/STM32F4xx_HAL_Driver/Inc -I../Drivers/STM32F4xx_HAL_Driver/Inc/Legacy -O0 -ffunction-sections -fdata-sections -fno-exceptions -fno-rtti -fno-use-cxa-atexit -Wall -fstack-usage -MMD -MP -MF"Application/pedal_io_test.d" -MT"Application/pedal_io_test.o" --specs=nano.specs -mfpu=fpv4-sp-d16 -mfloat-abi=hard -mthumb -o "Application/pedal_io_test.o"
arm-none-eabi-g++ -o "F405_Main.elf" @"objects.list"  -lF405_RTT -larm_cortexM4lf_math -mcpu=cortex-m4 -T"/home/chris/DSPGuitarPedalF405/F405_Main/STM32F405RGTX_FLASH.ld" --specs=nosys.specs -Wl,-Map="F405_Main.map" -Wl,--gc-sections -static -L"/home/chris/DSPGuitarPedalF405/F405_RTT/Release" -L/home/chris/CMSIS_5.7.0_Build/CMSIS/DSP/Lib/GCC --specs=nano.specs -mfpu=fpv4-sp-d16 -mfloat-abi=hard -mthumb -Wl,--start-group -lc -lm -lstdc++ -lsupc++ -Wl,--end-group
Finished building target: F405_Main.elf
 
arm-none-eabi-objdump -h -S  F405_Main.elf  > "F405_Main.list"
arm-none-eabi-objcopy  -O binary  F405_Main.elf  "F405_Main.bin"
arm-none-eabi-size   F405_Main.elf 
   text	   data	    bss	    dec	    hex	filename
 182840	    788	  26464	 210092	  334ac	F405_Main.elf
Finished building: default.size.stdout
 
Finished building: F405_Main.bin
 
Finished building: F405_Main.list
 

17:53:17 Build Finished. 0 errors, 0 warnings. (took 4s.770ms)

