13:34:26 **** Incremental Build of configuration Debug for project F405_Main ****
make -j4 all 
arm-none-eabi-g++ "../Application/FSM/AbstractState.cpp" -mcpu=cortex-m4 -std=gnu++14 -g3 -DSTM32F405xx -DUSE_HAL_DRIVER -DDEBUG -c -I"/home/chris/DSPGuitarPedalF405/F405_Main/Application" -I"/home/chris/DSPGuitarPedalF405/F405_Main/Application/Debounce" -I"/home/chris/DSPGuitarPedalF405/F405_Main/Application/FreeRTOS" -I"/home/chris/DSPGuitarPedalF405/F405_Main/Application/FSM" -I"/home/chris/DSPGuitarPedalF405/F405_Main/Application/DSP" -I"/opt/FreeRTOSv202012.00/FreeRTOS/Source/include" -I"/opt/FreeRTOSv202012.00/FreeRTOS/Source/portable/GCC/ARM_CM4F" -I"/home/chris/DSPGuitarPedalF405/F405_RTT/RTT" -I/home/chris/CMSIS_5.7.0_Build/CMSIS/DSP/Include -I../Core/Inc -I../Drivers/CMSIS/Include -I../Drivers/CMSIS/Device/ST/STM32F4xx/Include -I../Drivers/STM32F4xx_HAL_Driver/Inc -I../Drivers/STM32F4xx_HAL_Driver/Inc/Legacy -I"/home/chris/DSPGuitarPedalF405/F405_Main/Application/ResourceManager" -O0 -ffunction-sections -fdata-sections -fno-exceptions -fno-rtti -fno-use-cxa-atexit -Wall -fno-common -fstack-protector-strong -ffreestanding -fstack-usage -MMD -MP -MF"Application/FSM/AbstractState.d" -MT"Application/FSM/AbstractState.o" --specs=nano.specs -mfpu=fpv4-sp-d16 -mfloat-abi=hard -mthumb -o "Application/FSM/AbstractState.o"
arm-none-eabi-g++ "../Application/FSM/FxDisabledState.cpp" -mcpu=cortex-m4 -std=gnu++14 -g3 -DSTM32F405xx -DUSE_HAL_DRIVER -DDEBUG -c -I"/home/chris/DSPGuitarPedalF405/F405_Main/Application" -I"/home/chris/DSPGuitarPedalF405/F405_Main/Application/Debounce" -I"/home/chris/DSPGuitarPedalF405/F405_Main/Application/FreeRTOS" -I"/home/chris/DSPGuitarPedalF405/F405_Main/Application/FSM" -I"/home/chris/DSPGuitarPedalF405/F405_Main/Application/DSP" -I"/opt/FreeRTOSv202012.00/FreeRTOS/Source/include" -I"/opt/FreeRTOSv202012.00/FreeRTOS/Source/portable/GCC/ARM_CM4F" -I"/home/chris/DSPGuitarPedalF405/F405_RTT/RTT" -I/home/chris/CMSIS_5.7.0_Build/CMSIS/DSP/Include -I../Core/Inc -I../Drivers/CMSIS/Include -I../Drivers/CMSIS/Device/ST/STM32F4xx/Include -I../Drivers/STM32F4xx_HAL_Driver/Inc -I../Drivers/STM32F4xx_HAL_Driver/Inc/Legacy -I"/home/chris/DSPGuitarPedalF405/F405_Main/Application/ResourceManager" -O0 -ffunction-sections -fdata-sections -fno-exceptions -fno-rtti -fno-use-cxa-atexit -Wall -fno-common -fstack-protector-strong -ffreestanding -fstack-usage -MMD -MP -MF"Application/FSM/FxDisabledState.d" -MT"Application/FSM/FxDisabledState.o" --specs=nano.specs -mfpu=fpv4-sp-d16 -mfloat-abi=hard -mthumb -o "Application/FSM/FxDisabledState.o"
arm-none-eabi-g++ "../Application/FSM/FxEnabledState.cpp" -mcpu=cortex-m4 -std=gnu++14 -g3 -DSTM32F405xx -DUSE_HAL_DRIVER -DDEBUG -c -I"/home/chris/DSPGuitarPedalF405/F405_Main/Application" -I"/home/chris/DSPGuitarPedalF405/F405_Main/Application/Debounce" -I"/home/chris/DSPGuitarPedalF405/F405_Main/Application/FreeRTOS" -I"/home/chris/DSPGuitarPedalF405/F405_Main/Application/FSM" -I"/home/chris/DSPGuitarPedalF405/F405_Main/Application/DSP" -I"/opt/FreeRTOSv202012.00/FreeRTOS/Source/include" -I"/opt/FreeRTOSv202012.00/FreeRTOS/Source/portable/GCC/ARM_CM4F" -I"/home/chris/DSPGuitarPedalF405/F405_RTT/RTT" -I/home/chris/CMSIS_5.7.0_Build/CMSIS/DSP/Include -I../Core/Inc -I../Drivers/CMSIS/Include -I../Drivers/CMSIS/Device/ST/STM32F4xx/Include -I../Drivers/STM32F4xx_HAL_Driver/Inc -I../Drivers/STM32F4xx_HAL_Driver/Inc/Legacy -I"/home/chris/DSPGuitarPedalF405/F405_Main/Application/ResourceManager" -O0 -ffunction-sections -fdata-sections -fno-exceptions -fno-rtti -fno-use-cxa-atexit -Wall -fno-common -fstack-protector-strong -ffreestanding -fstack-usage -MMD -MP -MF"Application/FSM/FxEnabledState.d" -MT"Application/FSM/FxEnabledState.o" --specs=nano.specs -mfpu=fpv4-sp-d16 -mfloat-abi=hard -mthumb -o "Application/FSM/FxEnabledState.o"
arm-none-eabi-g++ "../Application/FSM/StateList.cpp" -mcpu=cortex-m4 -std=gnu++14 -g3 -DSTM32F405xx -DUSE_HAL_DRIVER -DDEBUG -c -I"/home/chris/DSPGuitarPedalF405/F405_Main/Application" -I"/home/chris/DSPGuitarPedalF405/F405_Main/Application/Debounce" -I"/home/chris/DSPGuitarPedalF405/F405_Main/Application/FreeRTOS" -I"/home/chris/DSPGuitarPedalF405/F405_Main/Application/FSM" -I"/home/chris/DSPGuitarPedalF405/F405_Main/Application/DSP" -I"/opt/FreeRTOSv202012.00/FreeRTOS/Source/include" -I"/opt/FreeRTOSv202012.00/FreeRTOS/Source/portable/GCC/ARM_CM4F" -I"/home/chris/DSPGuitarPedalF405/F405_RTT/RTT" -I/home/chris/CMSIS_5.7.0_Build/CMSIS/DSP/Include -I../Core/Inc -I../Drivers/CMSIS/Include -I../Drivers/CMSIS/Device/ST/STM32F4xx/Include -I../Drivers/STM32F4xx_HAL_Driver/Inc -I../Drivers/STM32F4xx_HAL_Driver/Inc/Legacy -I"/home/chris/DSPGuitarPedalF405/F405_Main/Application/ResourceManager" -O0 -ffunction-sections -fdata-sections -fno-exceptions -fno-rtti -fno-use-cxa-atexit -Wall -fno-common -fstack-protector-strong -ffreestanding -fstack-usage -MMD -MP -MF"Application/FSM/StateList.d" -MT"Application/FSM/StateList.o" --specs=nano.specs -mfpu=fpv4-sp-d16 -mfloat-abi=hard -mthumb -o "Application/FSM/StateList.o"
arm-none-eabi-g++ "../Application/FSM/StateMachine.cpp" -mcpu=cortex-m4 -std=gnu++14 -g3 -DSTM32F405xx -DUSE_HAL_DRIVER -DDEBUG -c -I"/home/chris/DSPGuitarPedalF405/F405_Main/Application" -I"/home/chris/DSPGuitarPedalF405/F405_Main/Application/Debounce" -I"/home/chris/DSPGuitarPedalF405/F405_Main/Application/FreeRTOS" -I"/home/chris/DSPGuitarPedalF405/F405_Main/Application/FSM" -I"/home/chris/DSPGuitarPedalF405/F405_Main/Application/DSP" -I"/opt/FreeRTOSv202012.00/FreeRTOS/Source/include" -I"/opt/FreeRTOSv202012.00/FreeRTOS/Source/portable/GCC/ARM_CM4F" -I"/home/chris/DSPGuitarPedalF405/F405_RTT/RTT" -I/home/chris/CMSIS_5.7.0_Build/CMSIS/DSP/Include -I../Core/Inc -I../Drivers/CMSIS/Include -I../Drivers/CMSIS/Device/ST/STM32F4xx/Include -I../Drivers/STM32F4xx_HAL_Driver/Inc -I../Drivers/STM32F4xx_HAL_Driver/Inc/Legacy -I"/home/chris/DSPGuitarPedalF405/F405_Main/Application/ResourceManager" -O0 -ffunction-sections -fdata-sections -fno-exceptions -fno-rtti -fno-use-cxa-atexit -Wall -fno-common -fstack-protector-strong -ffreestanding -fstack-usage -MMD -MP -MF"Application/FSM/StateMachine.d" -MT"Application/FSM/StateMachine.o" --specs=nano.specs -mfpu=fpv4-sp-d16 -mfloat-abi=hard -mthumb -o "Application/FSM/StateMachine.o"
arm-none-eabi-g++ "../Application/Debounce/Debounce.cpp" -mcpu=cortex-m4 -std=gnu++14 -g3 -DSTM32F405xx -DUSE_HAL_DRIVER -DDEBUG -c -I"/home/chris/DSPGuitarPedalF405/F405_Main/Application" -I"/home/chris/DSPGuitarPedalF405/F405_Main/Application/Debounce" -I"/home/chris/DSPGuitarPedalF405/F405_Main/Application/FreeRTOS" -I"/home/chris/DSPGuitarPedalF405/F405_Main/Application/FSM" -I"/home/chris/DSPGuitarPedalF405/F405_Main/Application/DSP" -I"/opt/FreeRTOSv202012.00/FreeRTOS/Source/include" -I"/opt/FreeRTOSv202012.00/FreeRTOS/Source/portable/GCC/ARM_CM4F" -I"/home/chris/DSPGuitarPedalF405/F405_RTT/RTT" -I/home/chris/CMSIS_5.7.0_Build/CMSIS/DSP/Include -I../Core/Inc -I../Drivers/CMSIS/Include -I../Drivers/CMSIS/Device/ST/STM32F4xx/Include -I../Drivers/STM32F4xx_HAL_Driver/Inc -I../Drivers/STM32F4xx_HAL_Driver/Inc/Legacy -I"/home/chris/DSPGuitarPedalF405/F405_Main/Application/ResourceManager" -O0 -ffunction-sections -fdata-sections -fno-exceptions -fno-rtti -fno-use-cxa-atexit -Wall -fno-common -fstack-protector-strong -ffreestanding -fstack-usage -MMD -MP -MF"Application/Debounce/Debounce.d" -MT"Application/Debounce/Debounce.o" --specs=nano.specs -mfpu=fpv4-sp-d16 -mfloat-abi=hard -mthumb -o "Application/Debounce/Debounce.o"
arm-none-eabi-g++ "../Application/AppMain.cpp" -mcpu=cortex-m4 -std=gnu++14 -g3 -DSTM32F405xx -DUSE_HAL_DRIVER -DDEBUG -c -I"/home/chris/DSPGuitarPedalF405/F405_Main/Application" -I"/home/chris/DSPGuitarPedalF405/F405_Main/Application/Debounce" -I"/home/chris/DSPGuitarPedalF405/F405_Main/Application/FreeRTOS" -I"/home/chris/DSPGuitarPedalF405/F405_Main/Application/FSM" -I"/home/chris/DSPGuitarPedalF405/F405_Main/Application/DSP" -I"/opt/FreeRTOSv202012.00/FreeRTOS/Source/include" -I"/opt/FreeRTOSv202012.00/FreeRTOS/Source/portable/GCC/ARM_CM4F" -I"/home/chris/DSPGuitarPedalF405/F405_RTT/RTT" -I/home/chris/CMSIS_5.7.0_Build/CMSIS/DSP/Include -I../Core/Inc -I../Drivers/CMSIS/Include -I../Drivers/CMSIS/Device/ST/STM32F4xx/Include -I../Drivers/STM32F4xx_HAL_Driver/Inc -I../Drivers/STM32F4xx_HAL_Driver/Inc/Legacy -I"/home/chris/DSPGuitarPedalF405/F405_Main/Application/ResourceManager" -O0 -ffunction-sections -fdata-sections -fno-exceptions -fno-rtti -fno-use-cxa-atexit -Wall -fno-common -fstack-protector-strong -ffreestanding -fstack-usage -MMD -MP -MF"Application/AppMain.d" -MT"Application/AppMain.o" --specs=nano.specs -mfpu=fpv4-sp-d16 -mfloat-abi=hard -mthumb -o "Application/AppMain.o"
arm-none-eabi-g++ "../Application/PeriphInterrupts.cpp" -mcpu=cortex-m4 -std=gnu++14 -g3 -DSTM32F405xx -DUSE_HAL_DRIVER -DDEBUG -c -I"/home/chris/DSPGuitarPedalF405/F405_Main/Application" -I"/home/chris/DSPGuitarPedalF405/F405_Main/Application/Debounce" -I"/home/chris/DSPGuitarPedalF405/F405_Main/Application/FreeRTOS" -I"/home/chris/DSPGuitarPedalF405/F405_Main/Application/FSM" -I"/home/chris/DSPGuitarPedalF405/F405_Main/Application/DSP" -I"/opt/FreeRTOSv202012.00/FreeRTOS/Source/include" -I"/opt/FreeRTOSv202012.00/FreeRTOS/Source/portable/GCC/ARM_CM4F" -I"/home/chris/DSPGuitarPedalF405/F405_RTT/RTT" -I/home/chris/CMSIS_5.7.0_Build/CMSIS/DSP/Include -I../Core/Inc -I../Drivers/CMSIS/Include -I../Drivers/CMSIS/Device/ST/STM32F4xx/Include -I../Drivers/STM32F4xx_HAL_Driver/Inc -I../Drivers/STM32F4xx_HAL_Driver/Inc/Legacy -I"/home/chris/DSPGuitarPedalF405/F405_Main/Application/ResourceManager" -O0 -ffunction-sections -fdata-sections -fno-exceptions -fno-rtti -fno-use-cxa-atexit -Wall -fno-common -fstack-protector-strong -ffreestanding -fstack-usage -MMD -MP -MF"Application/PeriphInterrupts.d" -MT"Application/PeriphInterrupts.o" --specs=nano.specs -mfpu=fpv4-sp-d16 -mfloat-abi=hard -mthumb -o "Application/PeriphInterrupts.o"
arm-none-eabi-g++ -o "F405_Main.elf" @"objects.list"  -lF405_RTT -larm_cortexM4lf_math -mcpu=cortex-m4 -T"/home/chris/DSPGuitarPedalF405/F405_Main/STM32F405RGTX_FLASH.ld" --specs=nosys.specs -Wl,-Map="F405_Main.map" -Wl,--gc-sections -static -L"/home/chris/DSPGuitarPedalF405/F405_RTT/Release" -L/home/chris/CMSIS_5.7.0_Build/CMSIS/DSP/Lib/GCC --specs=nano.specs -mfpu=fpv4-sp-d16 -mfloat-abi=hard -mthumb -Wl,--start-group -lc -lm -lstdc++ -lsupc++ -Wl,--end-group
Finished building target: F405_Main.elf
 
arm-none-eabi-objdump -h -S  F405_Main.elf  > "F405_Main.list"
arm-none-eabi-objcopy  -O binary  F405_Main.elf  "F405_Main.bin"
arm-none-eabi-size   F405_Main.elf 
   text	   data	    bss	    dec	    hex	filename
 185476	    824	  26496	 212796	  33f3c	F405_Main.elf
Finished building: default.size.stdout
 
Finished building: F405_Main.bin
 
Finished building: F405_Main.list
 
13:36:01 **** Incremental Build of configuration Debug for project LinuxGCC_Tests ****
make all 
Building file: /home/chris/DSPGuitarPedalF405/F405_Main/Application/FSM/AbstractState.cpp
Invoking: GCC C++ Compiler
g++ -DDISABLE_ERROR_HANDLER -I"/home/chris/DSPGuitarPedalF405/Host_CppUTest/CppUTestInc" -I/home/chris/CMSIS_5.7.0_Build/CMSIS/DSP/Include -I/home/chris/CMSIS_5.7.0_Build/CMSIS/Include -I"/home/chris/DSPGuitarPedalF405/F405_RTT/RTT" -I"/home/chris/DSPGuitarPedalF405/F405_Main/Application/FSM" -I"/home/chris/DSPGuitarPedalF405/F405_Main/Application/Debounce" -I"/home/chris/DSPGuitarPedalF405/LinuxGCC_Tests" -O0 -g3 -Wall -c -fmessage-length=0 -MMD -MP -MF"FSM/AbstractState.d" -MT"FSM/AbstractState.o" -o "FSM/AbstractState.o" "/home/chris/DSPGuitarPedalF405/F405_Main/Application/FSM/AbstractState.cpp"
Finished building: /home/chris/DSPGuitarPedalF405/F405_Main/Application/FSM/AbstractState.cpp
 
Building file: /home/chris/DSPGuitarPedalF405/F405_Main/Application/FSM/FxDisabledState.cpp
Invoking: GCC C++ Compiler
g++ -DDISABLE_ERROR_HANDLER -I"/home/chris/DSPGuitarPedalF405/Host_CppUTest/CppUTestInc" -I/home/chris/CMSIS_5.7.0_Build/CMSIS/DSP/Include -I/home/chris/CMSIS_5.7.0_Build/CMSIS/Include -I"/home/chris/DSPGuitarPedalF405/F405_RTT/RTT" -I"/home/chris/DSPGuitarPedalF405/F405_Main/Application/FSM" -I"/home/chris/DSPGuitarPedalF405/F405_Main/Application/Debounce" -I"/home/chris/DSPGuitarPedalF405/LinuxGCC_Tests" -O0 -g3 -Wall -c -fmessage-length=0 -MMD -MP -MF"FSM/FxDisabledState.d" -MT"FSM/FxDisabledState.o" -o "FSM/FxDisabledState.o" "/home/chris/DSPGuitarPedalF405/F405_Main/Application/FSM/FxDisabledState.cpp"
Finished building: /home/chris/DSPGuitarPedalF405/F405_Main/Application/FSM/FxDisabledState.cpp
 
Building file: /home/chris/DSPGuitarPedalF405/F405_Main/Application/FSM/FxEnabledState.cpp
Invoking: GCC C++ Compiler
g++ -DDISABLE_ERROR_HANDLER -I"/home/chris/DSPGuitarPedalF405/Host_CppUTest/CppUTestInc" -I/home/chris/CMSIS_5.7.0_Build/CMSIS/DSP/Include -I/home/chris/CMSIS_5.7.0_Build/CMSIS/Include -I"/home/chris/DSPGuitarPedalF405/F405_RTT/RTT" -I"/home/chris/DSPGuitarPedalF405/F405_Main/Application/FSM" -I"/home/chris/DSPGuitarPedalF405/F405_Main/Application/Debounce" -I"/home/chris/DSPGuitarPedalF405/LinuxGCC_Tests" -O0 -g3 -Wall -c -fmessage-length=0 -MMD -MP -MF"FSM/FxEnabledState.d" -MT"FSM/FxEnabledState.o" -o "FSM/FxEnabledState.o" "/home/chris/DSPGuitarPedalF405/F405_Main/Application/FSM/FxEnabledState.cpp"
Finished building: /home/chris/DSPGuitarPedalF405/F405_Main/Application/FSM/FxEnabledState.cpp
 
Building file: /home/chris/DSPGuitarPedalF405/F405_Main/Application/FSM/StateMachine.cpp
Invoking: GCC C++ Compiler
g++ -DDISABLE_ERROR_HANDLER -I"/home/chris/DSPGuitarPedalF405/Host_CppUTest/CppUTestInc" -I/home/chris/CMSIS_5.7.0_Build/CMSIS/DSP/Include -I/home/chris/CMSIS_5.7.0_Build/CMSIS/Include -I"/home/chris/DSPGuitarPedalF405/F405_RTT/RTT" -I"/home/chris/DSPGuitarPedalF405/F405_Main/Application/FSM" -I"/home/chris/DSPGuitarPedalF405/F405_Main/Application/Debounce" -I"/home/chris/DSPGuitarPedalF405/LinuxGCC_Tests" -O0 -g3 -Wall -c -fmessage-length=0 -MMD -MP -MF"FSM/StateMachine.d" -MT"FSM/StateMachine.o" -o "FSM/StateMachine.o" "/home/chris/DSPGuitarPedalF405/F405_Main/Application/FSM/StateMachine.cpp"
Finished building: /home/chris/DSPGuitarPedalF405/F405_Main/Application/FSM/StateMachine.cpp
 
Building file: ../test_statemachine.cpp
Invoking: GCC C++ Compiler
g++ -DDISABLE_ERROR_HANDLER -I"/home/chris/DSPGuitarPedalF405/Host_CppUTest/CppUTestInc" -I/home/chris/CMSIS_5.7.0_Build/CMSIS/DSP/Include -I/home/chris/CMSIS_5.7.0_Build/CMSIS/Include -I"/home/chris/DSPGuitarPedalF405/F405_RTT/RTT" -I"/home/chris/DSPGuitarPedalF405/F405_Main/Application/FSM" -I"/home/chris/DSPGuitarPedalF405/F405_Main/Application/Debounce" -I"/home/chris/DSPGuitarPedalF405/LinuxGCC_Tests" -O0 -g3 -Wall -c -fmessage-length=0 -MMD -MP -MF"test_statemachine.d" -MT"test_statemachine.o" -o "test_statemachine.o" "../test_statemachine.cpp"
../test_statemachine.cpp: In member function ‘virtual void TEST_StateMachineGroup_NullPtrStateMachineTest_Test::testBody()’:
../test_statemachine.cpp:56:33: error: ‘extctrl_debounceman’ was not declared in this scope
   56 |  extctrlMachine->setDebounceMan(extctrl_debounceman);
      |                                 ^~~~~~~~~~~~~~~~~~~
make: *** [subdir.mk:29: test_statemachine.o] Error 1
"make all" terminated with exit code 2. Build might be incomplete.
13:36:10 **** Incremental Build of configuration Debug for project LinuxGCC_Tests ****
make all 
Building file: ../test_statemachine.cpp
Invoking: GCC C++ Compiler
g++ -DDISABLE_ERROR_HANDLER -I"/home/chris/DSPGuitarPedalF405/Host_CppUTest/CppUTestInc" -I/home/chris/CMSIS_5.7.0_Build/CMSIS/DSP/Include -I/home/chris/CMSIS_5.7.0_Build/CMSIS/Include -I"/home/chris/DSPGuitarPedalF405/F405_RTT/RTT" -I"/home/chris/DSPGuitarPedalF405/F405_Main/Application/FSM" -I"/home/chris/DSPGuitarPedalF405/F405_Main/Application/Debounce" -I"/home/chris/DSPGuitarPedalF405/LinuxGCC_Tests" -O0 -g3 -Wall -c -fmessage-length=0 -MMD -MP -MF"test_statemachine.d" -MT"test_statemachine.o" -o "test_statemachine.o" "../test_statemachine.cpp"
Finished building: ../test_statemachine.cpp
 
Building target: LinuxGCC_Tests
Invoking: GCC C++ Linker
g++ -L"/home/chris/DSPGuitarPedalF405/Host_CppUTest/Debug" -o "LinuxGCC_Tests"  ./FSM/AbstractState.o ./FSM/FxDisabledState.o ./FSM/FxEnabledState.o ./FSM/StateList.o ./FSM/StateMachine.o  ./Debounce/Debounce.o  ./test_blank.o ./test_debounce.o ./test_statemachine.o ./testmain.o   -lHost_CppUTest -lpthread
Finished building target: LinuxGCC_Tests
 
13:37:16 **** Incremental Build of configuration Debug for project LinuxGCC_Tests ****
make all 
Building file: /home/chris/DSPGuitarPedalF405/F405_Main/Application/FSM/StateMachine.cpp
Invoking: GCC C++ Compiler
g++ -DDISABLE_ERROR_HANDLER -I"/home/chris/DSPGuitarPedalF405/Host_CppUTest/CppUTestInc" -I/home/chris/CMSIS_5.7.0_Build/CMSIS/DSP/Include -I/home/chris/CMSIS_5.7.0_Build/CMSIS/Include -I"/home/chris/DSPGuitarPedalF405/F405_RTT/RTT" -I"/home/chris/DSPGuitarPedalF405/F405_Main/Application/FSM" -I"/home/chris/DSPGuitarPedalF405/F405_Main/Application/Debounce" -I"/home/chris/DSPGuitarPedalF405/LinuxGCC_Tests" -O0 -g3 -Wall -c -fmessage-length=0 -MMD -MP -MF"FSM/StateMachine.d" -MT"FSM/StateMachine.o" -o "FSM/StateMachine.o" "/home/chris/DSPGuitarPedalF405/F405_Main/Application/FSM/StateMachine.cpp"
Finished building: /home/chris/DSPGuitarPedalF405/F405_Main/Application/FSM/StateMachine.cpp
 
Building target: LinuxGCC_Tests
Invoking: GCC C++ Linker
g++ -L"/home/chris/DSPGuitarPedalF405/Host_CppUTest/Debug" -o "LinuxGCC_Tests"  ./FSM/AbstractState.o ./FSM/FxDisabledState.o ./FSM/FxEnabledState.o ./FSM/StateList.o ./FSM/StateMachine.o  ./Debounce/Debounce.o  ./test_blank.o ./test_debounce.o ./test_statemachine.o ./testmain.o   -lHost_CppUTest -lpthread
Finished building target: LinuxGCC_Tests
 
13:37:50 **** Incremental Build of configuration Debug for project LinuxGCC_Tests ****
make all 
Building file: ../test_statemachine.cpp
Invoking: GCC C++ Compiler
g++ -DDISABLE_ERROR_HANDLER -I"/home/chris/DSPGuitarPedalF405/Host_CppUTest/CppUTestInc" -I/home/chris/CMSIS_5.7.0_Build/CMSIS/DSP/Include -I/home/chris/CMSIS_5.7.0_Build/CMSIS/Include -I"/home/chris/DSPGuitarPedalF405/F405_RTT/RTT" -I"/home/chris/DSPGuitarPedalF405/F405_Main/Application/FSM" -I"/home/chris/DSPGuitarPedalF405/F405_Main/Application/Debounce" -I"/home/chris/DSPGuitarPedalF405/LinuxGCC_Tests" -O0 -g3 -Wall -c -fmessage-length=0 -MMD -MP -MF"test_statemachine.d" -MT"test_statemachine.o" -o "test_statemachine.o" "../test_statemachine.cpp"
Finished building: ../test_statemachine.cpp
 
Building target: LinuxGCC_Tests
Invoking: GCC C++ Linker
g++ -L"/home/chris/DSPGuitarPedalF405/Host_CppUTest/Debug" -o "LinuxGCC_Tests"  ./FSM/AbstractState.o ./FSM/FxDisabledState.o ./FSM/FxEnabledState.o ./FSM/StateList.o ./FSM/StateMachine.o  ./Debounce/Debounce.o  ./test_blank.o ./test_debounce.o ./test_statemachine.o ./testmain.o   -lHost_CppUTest -lpthread
Finished building target: LinuxGCC_Tests
 
13:38:56 **** Incremental Build of configuration Debug for project LinuxGCC_Tests ****
make all 
Building file: /home/chris/DSPGuitarPedalF405/F405_Main/Application/FSM/StateMachine.cpp
Invoking: GCC C++ Compiler
g++ -DDISABLE_ERROR_HANDLER -I"/home/chris/DSPGuitarPedalF405/Host_CppUTest/CppUTestInc" -I/home/chris/CMSIS_5.7.0_Build/CMSIS/DSP/Include -I/home/chris/CMSIS_5.7.0_Build/CMSIS/Include -I"/home/chris/DSPGuitarPedalF405/F405_RTT/RTT" -I"/home/chris/DSPGuitarPedalF405/F405_Main/Application/FSM" -I"/home/chris/DSPGuitarPedalF405/F405_Main/Application/Debounce" -I"/home/chris/DSPGuitarPedalF405/LinuxGCC_Tests" -O0 -g3 -Wall -c -fmessage-length=0 -MMD -MP -MF"FSM/StateMachine.d" -MT"FSM/StateMachine.o" -o "FSM/StateMachine.o" "/home/chris/DSPGuitarPedalF405/F405_Main/Application/FSM/StateMachine.cpp"
Finished building: /home/chris/DSPGuitarPedalF405/F405_Main/Application/FSM/StateMachine.cpp
 
Building file: /home/chris/DSPGuitarPedalF405/F405_Main/Application/Debounce/Debounce.cpp
Invoking: GCC C++ Compiler
g++ -DDISABLE_ERROR_HANDLER -I"/home/chris/DSPGuitarPedalF405/Host_CppUTest/CppUTestInc" -I/home/chris/CMSIS_5.7.0_Build/CMSIS/DSP/Include -I/home/chris/CMSIS_5.7.0_Build/CMSIS/Include -I"/home/chris/DSPGuitarPedalF405/F405_RTT/RTT" -I"/home/chris/DSPGuitarPedalF405/F405_Main/Application/FSM" -I"/home/chris/DSPGuitarPedalF405/F405_Main/Application/Debounce" -I"/home/chris/DSPGuitarPedalF405/LinuxGCC_Tests" -O0 -g3 -Wall -c -fmessage-length=0 -MMD -MP -MF"Debounce/Debounce.d" -MT"Debounce/Debounce.o" -o "Debounce/Debounce.o" "/home/chris/DSPGuitarPedalF405/F405_Main/Application/Debounce/Debounce.cpp"
Finished building: /home/chris/DSPGuitarPedalF405/F405_Main/Application/Debounce/Debounce.cpp
 
Building target: LinuxGCC_Tests
Invoking: GCC C++ Linker
g++ -L"/home/chris/DSPGuitarPedalF405/Host_CppUTest/Debug" -o "LinuxGCC_Tests"  ./FSM/AbstractState.o ./FSM/FxDisabledState.o ./FSM/FxEnabledState.o ./FSM/StateList.o ./FSM/StateMachine.o  ./Debounce/Debounce.o  ./test_blank.o ./test_debounce.o ./test_statemachine.o ./testmain.o   -lHost_CppUTest -lpthread
Finished building target: LinuxGCC_Tests
 
13:39:20 **** Incremental Build of configuration Debug for project LinuxGCC_Tests ****
make all 
make: Nothing to be done for 'all'.
13:41:54 **** Incremental Build of configuration Debug for project LinuxGCC_Tests ****
make all 
Building file: /home/chris/DSPGuitarPedalF405/F405_Main/Application/FSM/AbstractState.cpp
Invoking: GCC C++ Compiler
g++ -DDISABLE_ERROR_HANDLER -I"/home/chris/DSPGuitarPedalF405/Host_CppUTest/CppUTestInc" -I/home/chris/CMSIS_5.7.0_Build/CMSIS/DSP/Include -I/home/chris/CMSIS_5.7.0_Build/CMSIS/Include -I"/home/chris/DSPGuitarPedalF405/F405_RTT/RTT" -I"/home/chris/DSPGuitarPedalF405/F405_Main/Application/FSM" -I"/home/chris/DSPGuitarPedalF405/F405_Main/Application/Debounce" -I"/home/chris/DSPGuitarPedalF405/LinuxGCC_Tests" -O0 -g3 -Wall -c -fmessage-length=0 -MMD -MP -MF"FSM/AbstractState.d" -MT"FSM/AbstractState.o" -o "FSM/AbstractState.o" "/home/chris/DSPGuitarPedalF405/F405_Main/Application/FSM/AbstractState.cpp"
Finished building: /home/chris/DSPGuitarPedalF405/F405_Main/Application/FSM/AbstractState.cpp
 
Building file: /home/chris/DSPGuitarPedalF405/F405_Main/Application/FSM/FxDisabledState.cpp
Invoking: GCC C++ Compiler
g++ -DDISABLE_ERROR_HANDLER -I"/home/chris/DSPGuitarPedalF405/Host_CppUTest/CppUTestInc" -I/home/chris/CMSIS_5.7.0_Build/CMSIS/DSP/Include -I/home/chris/CMSIS_5.7.0_Build/CMSIS/Include -I"/home/chris/DSPGuitarPedalF405/F405_RTT/RTT" -I"/home/chris/DSPGuitarPedalF405/F405_Main/Application/FSM" -I"/home/chris/DSPGuitarPedalF405/F405_Main/Application/Debounce" -I"/home/chris/DSPGuitarPedalF405/LinuxGCC_Tests" -O0 -g3 -Wall -c -fmessage-length=0 -MMD -MP -MF"FSM/FxDisabledState.d" -MT"FSM/FxDisabledState.o" -o "FSM/FxDisabledState.o" "/home/chris/DSPGuitarPedalF405/F405_Main/Application/FSM/FxDisabledState.cpp"
Finished building: /home/chris/DSPGuitarPedalF405/F405_Main/Application/FSM/FxDisabledState.cpp
 
Building file: /home/chris/DSPGuitarPedalF405/F405_Main/Application/FSM/FxEnabledState.cpp
Invoking: GCC C++ Compiler
g++ -DDISABLE_ERROR_HANDLER -I"/home/chris/DSPGuitarPedalF405/Host_CppUTest/CppUTestInc" -I/home/chris/CMSIS_5.7.0_Build/CMSIS/DSP/Include -I/home/chris/CMSIS_5.7.0_Build/CMSIS/Include -I"/home/chris/DSPGuitarPedalF405/F405_RTT/RTT" -I"/home/chris/DSPGuitarPedalF405/F405_Main/Application/FSM" -I"/home/chris/DSPGuitarPedalF405/F405_Main/Application/Debounce" -I"/home/chris/DSPGuitarPedalF405/LinuxGCC_Tests" -O0 -g3 -Wall -c -fmessage-length=0 -MMD -MP -MF"FSM/FxEnabledState.d" -MT"FSM/FxEnabledState.o" -o "FSM/FxEnabledState.o" "/home/chris/DSPGuitarPedalF405/F405_Main/Application/FSM/FxEnabledState.cpp"
Finished building: /home/chris/DSPGuitarPedalF405/F405_Main/Application/FSM/FxEnabledState.cpp
 
Building file: /home/chris/DSPGuitarPedalF405/F405_Main/Application/FSM/StateMachine.cpp
Invoking: GCC C++ Compiler
g++ -DDISABLE_ERROR_HANDLER -I"/home/chris/DSPGuitarPedalF405/Host_CppUTest/CppUTestInc" -I/home/chris/CMSIS_5.7.0_Build/CMSIS/DSP/Include -I/home/chris/CMSIS_5.7.0_Build/CMSIS/Include -I"/home/chris/DSPGuitarPedalF405/F405_RTT/RTT" -I"/home/chris/DSPGuitarPedalF405/F405_Main/Application/FSM" -I"/home/chris/DSPGuitarPedalF405/F405_Main/Application/Debounce" -I"/home/chris/DSPGuitarPedalF405/LinuxGCC_Tests" -O0 -g3 -Wall -c -fmessage-length=0 -MMD -MP -MF"FSM/StateMachine.d" -MT"FSM/StateMachine.o" -o "FSM/StateMachine.o" "/home/chris/DSPGuitarPedalF405/F405_Main/Application/FSM/StateMachine.cpp"
Finished building: /home/chris/DSPGuitarPedalF405/F405_Main/Application/FSM/StateMachine.cpp
 
Building file: ../test_statemachine.cpp
Invoking: GCC C++ Compiler
g++ -DDISABLE_ERROR_HANDLER -I"/home/chris/DSPGuitarPedalF405/Host_CppUTest/CppUTestInc" -I/home/chris/CMSIS_5.7.0_Build/CMSIS/DSP/Include -I/home/chris/CMSIS_5.7.0_Build/CMSIS/Include -I"/home/chris/DSPGuitarPedalF405/F405_RTT/RTT" -I"/home/chris/DSPGuitarPedalF405/F405_Main/Application/FSM" -I"/home/chris/DSPGuitarPedalF405/F405_Main/Application/Debounce" -I"/home/chris/DSPGuitarPedalF405/LinuxGCC_Tests" -O0 -g3 -Wall -c -fmessage-length=0 -MMD -MP -MF"test_statemachine.d" -MT"test_statemachine.o" -o "test_statemachine.o" "../test_statemachine.cpp"
Finished building: ../test_statemachine.cpp
 
Building target: LinuxGCC_Tests
Invoking: GCC C++ Linker
g++ -L"/home/chris/DSPGuitarPedalF405/Host_CppUTest/Debug" -o "LinuxGCC_Tests"  ./FSM/AbstractState.o ./FSM/FxDisabledState.o ./FSM/FxEnabledState.o ./FSM/StateList.o ./FSM/StateMachine.o  ./Debounce/Debounce.o  ./test_blank.o ./test_debounce.o ./test_statemachine.o ./testmain.o   -lHost_CppUTest -lpthread
Finished building target: LinuxGCC_Tests
 
13:42:10 **** Incremental Build of configuration Debug for project LinuxGCC_Tests ****
make all 
Building file: ../test_statemachine.cpp
Invoking: GCC C++ Compiler
g++ -DDISABLE_ERROR_HANDLER -I"/home/chris/DSPGuitarPedalF405/Host_CppUTest/CppUTestInc" -I/home/chris/CMSIS_5.7.0_Build/CMSIS/DSP/Include -I/home/chris/CMSIS_5.7.0_Build/CMSIS/Include -I"/home/chris/DSPGuitarPedalF405/F405_RTT/RTT" -I"/home/chris/DSPGuitarPedalF405/F405_Main/Application/FSM" -I"/home/chris/DSPGuitarPedalF405/F405_Main/Application/Debounce" -I"/home/chris/DSPGuitarPedalF405/LinuxGCC_Tests" -O0 -g3 -Wall -c -fmessage-length=0 -MMD -MP -MF"test_statemachine.d" -MT"test_statemachine.o" -o "test_statemachine.o" "../test_statemachine.cpp"
Finished building: ../test_statemachine.cpp
 
Building target: LinuxGCC_Tests
Invoking: GCC C++ Linker
g++ -L"/home/chris/DSPGuitarPedalF405/Host_CppUTest/Debug" -o "LinuxGCC_Tests"  ./FSM/AbstractState.o ./FSM/FxDisabledState.o ./FSM/FxEnabledState.o ./FSM/StateList.o ./FSM/StateMachine.o  ./Debounce/Debounce.o  ./test_blank.o ./test_debounce.o ./test_statemachine.o ./testmain.o   -lHost_CppUTest -lpthread
Finished building target: LinuxGCC_Tests
 
13:43:47 **** Incremental Build of configuration Debug for project LinuxGCC_Tests ****
make all 
Building file: ../test_debounce.cpp
Invoking: GCC C++ Compiler
g++ -DDISABLE_ERROR_HANDLER -I"/home/chris/DSPGuitarPedalF405/Host_CppUTest/CppUTestInc" -I/home/chris/CMSIS_5.7.0_Build/CMSIS/DSP/Include -I/home/chris/CMSIS_5.7.0_Build/CMSIS/Include -I"/home/chris/DSPGuitarPedalF405/F405_RTT/RTT" -I"/home/chris/DSPGuitarPedalF405/F405_Main/Application/FSM" -I"/home/chris/DSPGuitarPedalF405/F405_Main/Application/Debounce" -I"/home/chris/DSPGuitarPedalF405/LinuxGCC_Tests" -O0 -g3 -Wall -c -fmessage-length=0 -MMD -MP -MF"test_debounce.d" -MT"test_debounce.o" -o "test_debounce.o" "../test_debounce.cpp"
Finished building: ../test_debounce.cpp
 
Building file: ../test_statemachine.cpp
Invoking: GCC C++ Compiler
g++ -DDISABLE_ERROR_HANDLER -I"/home/chris/DSPGuitarPedalF405/Host_CppUTest/CppUTestInc" -I/home/chris/CMSIS_5.7.0_Build/CMSIS/DSP/Include -I/home/chris/CMSIS_5.7.0_Build/CMSIS/Include -I"/home/chris/DSPGuitarPedalF405/F405_RTT/RTT" -I"/home/chris/DSPGuitarPedalF405/F405_Main/Application/FSM" -I"/home/chris/DSPGuitarPedalF405/F405_Main/Application/Debounce" -I"/home/chris/DSPGuitarPedalF405/LinuxGCC_Tests" -O0 -g3 -Wall -c -fmessage-length=0 -MMD -MP -MF"test_statemachine.d" -MT"test_statemachine.o" -o "test_statemachine.o" "../test_statemachine.cpp"
Finished building: ../test_statemachine.cpp
 
Building target: LinuxGCC_Tests
Invoking: GCC C++ Linker
g++ -L"/home/chris/DSPGuitarPedalF405/Host_CppUTest/Debug" -o "LinuxGCC_Tests"  ./FSM/AbstractState.o ./FSM/FxDisabledState.o ./FSM/FxEnabledState.o ./FSM/StateList.o ./FSM/StateMachine.o  ./Debounce/Debounce.o  ./test_blank.o ./test_debounce.o ./test_statemachine.o ./testmain.o   -lHost_CppUTest -lpthread
Finished building target: LinuxGCC_Tests
 
13:45:13 **** Incremental Build of configuration Debug for project F405_Main ****
make -j4 all 
arm-none-eabi-g++ "../Application/FSM/AbstractState.cpp" -mcpu=cortex-m4 -std=gnu++14 -g3 -DSTM32F405xx -DUSE_HAL_DRIVER -DDEBUG -c -I"/home/chris/DSPGuitarPedalF405/F405_Main/Application" -I"/home/chris/DSPGuitarPedalF405/F405_Main/Application/Debounce" -I"/home/chris/DSPGuitarPedalF405/F405_Main/Application/FreeRTOS" -I"/home/chris/DSPGuitarPedalF405/F405_Main/Application/FSM" -I"/home/chris/DSPGuitarPedalF405/F405_Main/Application/DSP" -I"/opt/FreeRTOSv202012.00/FreeRTOS/Source/include" -I"/opt/FreeRTOSv202012.00/FreeRTOS/Source/portable/GCC/ARM_CM4F" -I"/home/chris/DSPGuitarPedalF405/F405_RTT/RTT" -I/home/chris/CMSIS_5.7.0_Build/CMSIS/DSP/Include -I../Core/Inc -I../Drivers/CMSIS/Include -I../Drivers/CMSIS/Device/ST/STM32F4xx/Include -I../Drivers/STM32F4xx_HAL_Driver/Inc -I../Drivers/STM32F4xx_HAL_Driver/Inc/Legacy -I"/home/chris/DSPGuitarPedalF405/F405_Main/Application/ResourceManager" -O0 -ffunction-sections -fdata-sections -fno-exceptions -fno-rtti -fno-use-cxa-atexit -Wall -fno-common -fstack-protector-strong -ffreestanding -fstack-usage -MMD -MP -MF"Application/FSM/AbstractState.d" -MT"Application/FSM/AbstractState.o" --specs=nano.specs -mfpu=fpv4-sp-d16 -mfloat-abi=hard -mthumb -o "Application/FSM/AbstractState.o"
arm-none-eabi-g++ "../Application/FSM/FxDisabledState.cpp" -mcpu=cortex-m4 -std=gnu++14 -g3 -DSTM32F405xx -DUSE_HAL_DRIVER -DDEBUG -c -I"/home/chris/DSPGuitarPedalF405/F405_Main/Application" -I"/home/chris/DSPGuitarPedalF405/F405_Main/Application/Debounce" -I"/home/chris/DSPGuitarPedalF405/F405_Main/Application/FreeRTOS" -I"/home/chris/DSPGuitarPedalF405/F405_Main/Application/FSM" -I"/home/chris/DSPGuitarPedalF405/F405_Main/Application/DSP" -I"/opt/FreeRTOSv202012.00/FreeRTOS/Source/include" -I"/opt/FreeRTOSv202012.00/FreeRTOS/Source/portable/GCC/ARM_CM4F" -I"/home/chris/DSPGuitarPedalF405/F405_RTT/RTT" -I/home/chris/CMSIS_5.7.0_Build/CMSIS/DSP/Include -I../Core/Inc -I../Drivers/CMSIS/Include -I../Drivers/CMSIS/Device/ST/STM32F4xx/Include -I../Drivers/STM32F4xx_HAL_Driver/Inc -I../Drivers/STM32F4xx_HAL_Driver/Inc/Legacy -I"/home/chris/DSPGuitarPedalF405/F405_Main/Application/ResourceManager" -O0 -ffunction-sections -fdata-sections -fno-exceptions -fno-rtti -fno-use-cxa-atexit -Wall -fno-common -fstack-protector-strong -ffreestanding -fstack-usage -MMD -MP -MF"Application/FSM/FxDisabledState.d" -MT"Application/FSM/FxDisabledState.o" --specs=nano.specs -mfpu=fpv4-sp-d16 -mfloat-abi=hard -mthumb -o "Application/FSM/FxDisabledState.o"
arm-none-eabi-g++ "../Application/FSM/FxEnabledState.cpp" -mcpu=cortex-m4 -std=gnu++14 -g3 -DSTM32F405xx -DUSE_HAL_DRIVER -DDEBUG -c -I"/home/chris/DSPGuitarPedalF405/F405_Main/Application" -I"/home/chris/DSPGuitarPedalF405/F405_Main/Application/Debounce" -I"/home/chris/DSPGuitarPedalF405/F405_Main/Application/FreeRTOS" -I"/home/chris/DSPGuitarPedalF405/F405_Main/Application/FSM" -I"/home/chris/DSPGuitarPedalF405/F405_Main/Application/DSP" -I"/opt/FreeRTOSv202012.00/FreeRTOS/Source/include" -I"/opt/FreeRTOSv202012.00/FreeRTOS/Source/portable/GCC/ARM_CM4F" -I"/home/chris/DSPGuitarPedalF405/F405_RTT/RTT" -I/home/chris/CMSIS_5.7.0_Build/CMSIS/DSP/Include -I../Core/Inc -I../Drivers/CMSIS/Include -I../Drivers/CMSIS/Device/ST/STM32F4xx/Include -I../Drivers/STM32F4xx_HAL_Driver/Inc -I../Drivers/STM32F4xx_HAL_Driver/Inc/Legacy -I"/home/chris/DSPGuitarPedalF405/F405_Main/Application/ResourceManager" -O0 -ffunction-sections -fdata-sections -fno-exceptions -fno-rtti -fno-use-cxa-atexit -Wall -fno-common -fstack-protector-strong -ffreestanding -fstack-usage -MMD -MP -MF"Application/FSM/FxEnabledState.d" -MT"Application/FSM/FxEnabledState.o" --specs=nano.specs -mfpu=fpv4-sp-d16 -mfloat-abi=hard -mthumb -o "Application/FSM/FxEnabledState.o"
arm-none-eabi-g++ "../Application/FSM/StateMachine.cpp" -mcpu=cortex-m4 -std=gnu++14 -g3 -DSTM32F405xx -DUSE_HAL_DRIVER -DDEBUG -c -I"/home/chris/DSPGuitarPedalF405/F405_Main/Application" -I"/home/chris/DSPGuitarPedalF405/F405_Main/Application/Debounce" -I"/home/chris/DSPGuitarPedalF405/F405_Main/Application/FreeRTOS" -I"/home/chris/DSPGuitarPedalF405/F405_Main/Application/FSM" -I"/home/chris/DSPGuitarPedalF405/F405_Main/Application/DSP" -I"/opt/FreeRTOSv202012.00/FreeRTOS/Source/include" -I"/opt/FreeRTOSv202012.00/FreeRTOS/Source/portable/GCC/ARM_CM4F" -I"/home/chris/DSPGuitarPedalF405/F405_RTT/RTT" -I/home/chris/CMSIS_5.7.0_Build/CMSIS/DSP/Include -I../Core/Inc -I../Drivers/CMSIS/Include -I../Drivers/CMSIS/Device/ST/STM32F4xx/Include -I../Drivers/STM32F4xx_HAL_Driver/Inc -I../Drivers/STM32F4xx_HAL_Driver/Inc/Legacy -I"/home/chris/DSPGuitarPedalF405/F405_Main/Application/ResourceManager" -O0 -ffunction-sections -fdata-sections -fno-exceptions -fno-rtti -fno-use-cxa-atexit -Wall -fno-common -fstack-protector-strong -ffreestanding -fstack-usage -MMD -MP -MF"Application/FSM/StateMachine.d" -MT"Application/FSM/StateMachine.o" --specs=nano.specs -mfpu=fpv4-sp-d16 -mfloat-abi=hard -mthumb -o "Application/FSM/StateMachine.o"
arm-none-eabi-g++ "../Application/Debounce/Debounce.cpp" -mcpu=cortex-m4 -std=gnu++14 -g3 -DSTM32F405xx -DUSE_HAL_DRIVER -DDEBUG -c -I"/home/chris/DSPGuitarPedalF405/F405_Main/Application" -I"/home/chris/DSPGuitarPedalF405/F405_Main/Application/Debounce" -I"/home/chris/DSPGuitarPedalF405/F405_Main/Application/FreeRTOS" -I"/home/chris/DSPGuitarPedalF405/F405_Main/Application/FSM" -I"/home/chris/DSPGuitarPedalF405/F405_Main/Application/DSP" -I"/opt/FreeRTOSv202012.00/FreeRTOS/Source/include" -I"/opt/FreeRTOSv202012.00/FreeRTOS/Source/portable/GCC/ARM_CM4F" -I"/home/chris/DSPGuitarPedalF405/F405_RTT/RTT" -I/home/chris/CMSIS_5.7.0_Build/CMSIS/DSP/Include -I../Core/Inc -I../Drivers/CMSIS/Include -I../Drivers/CMSIS/Device/ST/STM32F4xx/Include -I../Drivers/STM32F4xx_HAL_Driver/Inc -I../Drivers/STM32F4xx_HAL_Driver/Inc/Legacy -I"/home/chris/DSPGuitarPedalF405/F405_Main/Application/ResourceManager" -O0 -ffunction-sections -fdata-sections -fno-exceptions -fno-rtti -fno-use-cxa-atexit -Wall -fno-common -fstack-protector-strong -ffreestanding -fstack-usage -MMD -MP -MF"Application/Debounce/Debounce.d" -MT"Application/Debounce/Debounce.o" --specs=nano.specs -mfpu=fpv4-sp-d16 -mfloat-abi=hard -mthumb -o "Application/Debounce/Debounce.o"
arm-none-eabi-g++ "../Application/AppMain.cpp" -mcpu=cortex-m4 -std=gnu++14 -g3 -DSTM32F405xx -DUSE_HAL_DRIVER -DDEBUG -c -I"/home/chris/DSPGuitarPedalF405/F405_Main/Application" -I"/home/chris/DSPGuitarPedalF405/F405_Main/Application/Debounce" -I"/home/chris/DSPGuitarPedalF405/F405_Main/Application/FreeRTOS" -I"/home/chris/DSPGuitarPedalF405/F405_Main/Application/FSM" -I"/home/chris/DSPGuitarPedalF405/F405_Main/Application/DSP" -I"/opt/FreeRTOSv202012.00/FreeRTOS/Source/include" -I"/opt/FreeRTOSv202012.00/FreeRTOS/Source/portable/GCC/ARM_CM4F" -I"/home/chris/DSPGuitarPedalF405/F405_RTT/RTT" -I/home/chris/CMSIS_5.7.0_Build/CMSIS/DSP/Include -I../Core/Inc -I../Drivers/CMSIS/Include -I../Drivers/CMSIS/Device/ST/STM32F4xx/Include -I../Drivers/STM32F4xx_HAL_Driver/Inc -I../Drivers/STM32F4xx_HAL_Driver/Inc/Legacy -I"/home/chris/DSPGuitarPedalF405/F405_Main/Application/ResourceManager" -O0 -ffunction-sections -fdata-sections -fno-exceptions -fno-rtti -fno-use-cxa-atexit -Wall -fno-common -fstack-protector-strong -ffreestanding -fstack-usage -MMD -MP -MF"Application/AppMain.d" -MT"Application/AppMain.o" --specs=nano.specs -mfpu=fpv4-sp-d16 -mfloat-abi=hard -mthumb -o "Application/AppMain.o"
arm-none-eabi-g++ "../Application/PeriphInterrupts.cpp" -mcpu=cortex-m4 -std=gnu++14 -g3 -DSTM32F405xx -DUSE_HAL_DRIVER -DDEBUG -c -I"/home/chris/DSPGuitarPedalF405/F405_Main/Application" -I"/home/chris/DSPGuitarPedalF405/F405_Main/Application/Debounce" -I"/home/chris/DSPGuitarPedalF405/F405_Main/Application/FreeRTOS" -I"/home/chris/DSPGuitarPedalF405/F405_Main/Application/FSM" -I"/home/chris/DSPGuitarPedalF405/F405_Main/Application/DSP" -I"/opt/FreeRTOSv202012.00/FreeRTOS/Source/include" -I"/opt/FreeRTOSv202012.00/FreeRTOS/Source/portable/GCC/ARM_CM4F" -I"/home/chris/DSPGuitarPedalF405/F405_RTT/RTT" -I/home/chris/CMSIS_5.7.0_Build/CMSIS/DSP/Include -I../Core/Inc -I../Drivers/CMSIS/Include -I../Drivers/CMSIS/Device/ST/STM32F4xx/Include -I../Drivers/STM32F4xx_HAL_Driver/Inc -I../Drivers/STM32F4xx_HAL_Driver/Inc/Legacy -I"/home/chris/DSPGuitarPedalF405/F405_Main/Application/ResourceManager" -O0 -ffunction-sections -fdata-sections -fno-exceptions -fno-rtti -fno-use-cxa-atexit -Wall -fno-common -fstack-protector-strong -ffreestanding -fstack-usage -MMD -MP -MF"Application/PeriphInterrupts.d" -MT"Application/PeriphInterrupts.o" --specs=nano.specs -mfpu=fpv4-sp-d16 -mfloat-abi=hard -mthumb -o "Application/PeriphInterrupts.o"
arm-none-eabi-g++ -o "F405_Main.elf" @"objects.list"  -lF405_RTT -larm_cortexM4lf_math -mcpu=cortex-m4 -T"/home/chris/DSPGuitarPedalF405/F405_Main/STM32F405RGTX_FLASH.ld" --specs=nosys.specs -Wl,-Map="F405_Main.map" -Wl,--gc-sections -static -L"/home/chris/DSPGuitarPedalF405/F405_RTT/Release" -L/home/chris/CMSIS_5.7.0_Build/CMSIS/DSP/Lib/GCC --specs=nano.specs -mfpu=fpv4-sp-d16 -mfloat-abi=hard -mthumb -Wl,--start-group -lc -lm -lstdc++ -lsupc++ -Wl,--end-group
Finished building target: F405_Main.elf
 
arm-none-eabi-objdump -h -S  F405_Main.elf  > "F405_Main.list"
arm-none-eabi-objcopy  -O binary  F405_Main.elf  "F405_Main.bin"
arm-none-eabi-size   F405_Main.elf 
   text	   data	    bss	    dec	    hex	filename
 185484	    824	  26496	 212804	  33f44	F405_Main.elf
Finished building: default.size.stdout
 
Finished building: F405_Main.bin
 
Finished building: F405_Main.list
 
13:46:08 **** Incremental Build of configuration Debug for project F405_Main ****
make -j4 all 
arm-none-eabi-g++ "../Application/AppMain.cpp" -mcpu=cortex-m4 -std=gnu++14 -g3 -DSTM32F405xx -DUSE_HAL_DRIVER -DDEBUG -c -I"/home/chris/DSPGuitarPedalF405/F405_Main/Application" -I"/home/chris/DSPGuitarPedalF405/F405_Main/Application/Debounce" -I"/home/chris/DSPGuitarPedalF405/F405_Main/Application/FreeRTOS" -I"/home/chris/DSPGuitarPedalF405/F405_Main/Application/FSM" -I"/home/chris/DSPGuitarPedalF405/F405_Main/Application/DSP" -I"/opt/FreeRTOSv202012.00/FreeRTOS/Source/include" -I"/opt/FreeRTOSv202012.00/FreeRTOS/Source/portable/GCC/ARM_CM4F" -I"/home/chris/DSPGuitarPedalF405/F405_RTT/RTT" -I/home/chris/CMSIS_5.7.0_Build/CMSIS/DSP/Include -I../Core/Inc -I../Drivers/CMSIS/Include -I../Drivers/CMSIS/Device/ST/STM32F4xx/Include -I../Drivers/STM32F4xx_HAL_Driver/Inc -I../Drivers/STM32F4xx_HAL_Driver/Inc/Legacy -I"/home/chris/DSPGuitarPedalF405/F405_Main/Application/ResourceManager" -O0 -ffunction-sections -fdata-sections -fno-exceptions -fno-rtti -fno-use-cxa-atexit -Wall -fno-common -fstack-protector-strong -ffreestanding -fstack-usage -MMD -MP -MF"Application/AppMain.d" -MT"Application/AppMain.o" --specs=nano.specs -mfpu=fpv4-sp-d16 -mfloat-abi=hard -mthumb -o "Application/AppMain.o"
arm-none-eabi-g++ -o "F405_Main.elf" @"objects.list"  -lF405_RTT -larm_cortexM4lf_math -mcpu=cortex-m4 -T"/home/chris/DSPGuitarPedalF405/F405_Main/STM32F405RGTX_FLASH.ld" --specs=nosys.specs -Wl,-Map="F405_Main.map" -Wl,--gc-sections -static -L"/home/chris/DSPGuitarPedalF405/F405_RTT/Release" -L/home/chris/CMSIS_5.7.0_Build/CMSIS/DSP/Lib/GCC --specs=nano.specs -mfpu=fpv4-sp-d16 -mfloat-abi=hard -mthumb -Wl,--start-group -lc -lm -lstdc++ -lsupc++ -Wl,--end-group
Finished building target: F405_Main.elf
 
arm-none-eabi-objdump -h -S  F405_Main.elf  > "F405_Main.list"
arm-none-eabi-objcopy  -O binary  F405_Main.elf  "F405_Main.bin"
arm-none-eabi-size   F405_Main.elf 
   text	   data	    bss	    dec	    hex	filename
 185292	    824	  26496	 212612	  33e84	F405_Main.elf
Finished building: default.size.stdout
 
Finished building: F405_Main.bin
 
Finished building: F405_Main.list
 
13:47:02 **** Incremental Build of configuration Debug for project LinuxGCC_Tests ****
make all 
make: Nothing to be done for 'all'.
13:47:08 **** Incremental Build of configuration Debug for project F405_Main ****
make -j4 all 
arm-none-eabi-g++ "../Application/AppMain.cpp" -mcpu=cortex-m4 -std=gnu++14 -g3 -DSTM32F405xx -DUSE_HAL_DRIVER -DDEBUG -c -I"/home/chris/DSPGuitarPedalF405/F405_Main/Application" -I"/home/chris/DSPGuitarPedalF405/F405_Main/Application/Debounce" -I"/home/chris/DSPGuitarPedalF405/F405_Main/Application/FreeRTOS" -I"/home/chris/DSPGuitarPedalF405/F405_Main/Application/FSM" -I"/home/chris/DSPGuitarPedalF405/F405_Main/Application/DSP" -I"/opt/FreeRTOSv202012.00/FreeRTOS/Source/include" -I"/opt/FreeRTOSv202012.00/FreeRTOS/Source/portable/GCC/ARM_CM4F" -I"/home/chris/DSPGuitarPedalF405/F405_RTT/RTT" -I/home/chris/CMSIS_5.7.0_Build/CMSIS/DSP/Include -I../Core/Inc -I../Drivers/CMSIS/Include -I../Drivers/CMSIS/Device/ST/STM32F4xx/Include -I../Drivers/STM32F4xx_HAL_Driver/Inc -I../Drivers/STM32F4xx_HAL_Driver/Inc/Legacy -I"/home/chris/DSPGuitarPedalF405/F405_Main/Application/ResourceManager" -O0 -ffunction-sections -fdata-sections -fno-exceptions -fno-rtti -fno-use-cxa-atexit -Wall -fno-common -fstack-protector-strong -ffreestanding -fstack-usage -MMD -MP -MF"Application/AppMain.d" -MT"Application/AppMain.o" --specs=nano.specs -mfpu=fpv4-sp-d16 -mfloat-abi=hard -mthumb -o "Application/AppMain.o"
arm-none-eabi-g++ -o "F405_Main.elf" @"objects.list"  -lF405_RTT -larm_cortexM4lf_math -mcpu=cortex-m4 -T"/home/chris/DSPGuitarPedalF405/F405_Main/STM32F405RGTX_FLASH.ld" --specs=nosys.specs -Wl,-Map="F405_Main.map" -Wl,--gc-sections -static -L"/home/chris/DSPGuitarPedalF405/F405_RTT/Release" -L/home/chris/CMSIS_5.7.0_Build/CMSIS/DSP/Lib/GCC --specs=nano.specs -mfpu=fpv4-sp-d16 -mfloat-abi=hard -mthumb -Wl,--start-group -lc -lm -lstdc++ -lsupc++ -Wl,--end-group
Finished building target: F405_Main.elf
 
arm-none-eabi-objdump -h -S  F405_Main.elf  > "F405_Main.list"
arm-none-eabi-objcopy  -O binary  F405_Main.elf  "F405_Main.bin"
arm-none-eabi-size   F405_Main.elf 
   text	   data	    bss	    dec	    hex	filename
 185484	    824	  26496	 212804	  33f44	F405_Main.elf
Finished building: default.size.stdout
 
Finished building: F405_Main.bin
 
Finished building: F405_Main.list
 
